Component: ARM Compiler 5.06 update 6 (build 750) Tool: armlink [4d35ed]

==============================================================================

Section Cross References

    startup_stm32f10x_hd.o(RESET) refers to startup_stm32f10x_hd.o(STACK) for __initial_sp
    startup_stm32f10x_hd.o(RESET) refers to startup_stm32f10x_hd.o(.text) for Reset_Handler
    startup_stm32f10x_hd.o(RESET) refers to stm32f10x_it.o(i.NMI_Handler) for NMI_Handler
    startup_stm32f10x_hd.o(RESET) refers to stm32f10x_it.o(i.HardFault_Handler) for HardFault_Handler
    startup_stm32f10x_hd.o(RESET) refers to stm32f10x_it.o(i.MemManage_Handler) for MemManage_Handler
    startup_stm32f10x_hd.o(RESET) refers to stm32f10x_it.o(i.BusFault_Handler) for BusFault_Handler
    startup_stm32f10x_hd.o(RESET) refers to stm32f10x_it.o(i.UsageFault_Handler) for UsageFault_Handler
    startup_stm32f10x_hd.o(RESET) refers to stm32f10x_it.o(i.SVC_Handler) for SVC_Handler
    startup_stm32f10x_hd.o(RESET) refers to stm32f10x_it.o(i.DebugMon_Handler) for DebugMon_Handler
    startup_stm32f10x_hd.o(RESET) refers to stm32f10x_it.o(i.PendSV_Handler) for PendSV_Handler
    startup_stm32f10x_hd.o(RESET) refers to stm32f10x_it.o(i.SysTick_Handler) for SysTick_Handler
    startup_stm32f10x_hd.o(RESET) refers to stm32f10x_it.o(i.EXTI0_IRQHandler) for EXTI0_IRQHandler
    startup_stm32f10x_hd.o(RESET) refers to stm32f10x_it.o(i.EXTI3_IRQHandler) for EXTI3_IRQHandler
    startup_stm32f10x_hd.o(RESET) refers to stm32f10x_it.o(i.USART3_IRQHandler) for USART3_IRQHandler
    startup_stm32f10x_hd.o(RESET) refers to stm32f10x_it.o(i.SDIO_IRQHandler) for SDIO_IRQHandler
    startup_stm32f10x_hd.o(.text) refers to system_stm32f10x.o(i.SystemInit) for SystemInit
    startup_stm32f10x_hd.o(.text) refers to entry.o(.ARM.Collect$$$$00000000) for __main
    system_stm32f10x.o(i.SetSysClock) refers to system_stm32f10x.o(i.SetSysClockTo72) for SetSysClockTo72
    system_stm32f10x.o(i.SystemCoreClockUpdate) refers to system_stm32f10x.o(.data) for SystemCoreClock
    system_stm32f10x.o(i.SystemInit) refers to system_stm32f10x.o(i.SetSysClock) for SetSysClock
    stm32f10x_adc.o(i.ADC_DeInit) refers to stm32f10x_rcc.o(i.RCC_APB2PeriphResetCmd) for RCC_APB2PeriphResetCmd
    stm32f10x_bkp.o(i.BKP_DeInit) refers to stm32f10x_rcc.o(i.RCC_BackupResetCmd) for RCC_BackupResetCmd
    stm32f10x_can.o(i.CAN_DeInit) refers to stm32f10x_rcc.o(i.RCC_APB1PeriphResetCmd) for RCC_APB1PeriphResetCmd
    stm32f10x_can.o(i.CAN_GetITStatus) refers to stm32f10x_can.o(i.CheckITStatus) for CheckITStatus
    stm32f10x_cec.o(i.CEC_DeInit) refers to stm32f10x_rcc.o(i.RCC_APB1PeriphResetCmd) for RCC_APB1PeriphResetCmd
    stm32f10x_dac.o(i.DAC_DeInit) refers to stm32f10x_rcc.o(i.RCC_APB1PeriphResetCmd) for RCC_APB1PeriphResetCmd
    stm32f10x_flash.o(i.FLASH_EnableWriteProtection) refers to stm32f10x_flash.o(i.FLASH_WaitForLastOperation) for FLASH_WaitForLastOperation
    stm32f10x_flash.o(i.FLASH_EraseAllBank1Pages) refers to stm32f10x_flash.o(i.FLASH_WaitForLastBank1Operation) for FLASH_WaitForLastBank1Operation
    stm32f10x_flash.o(i.FLASH_EraseAllPages) refers to stm32f10x_flash.o(i.FLASH_WaitForLastOperation) for FLASH_WaitForLastOperation
    stm32f10x_flash.o(i.FLASH_EraseOptionBytes) refers to stm32f10x_flash.o(i.FLASH_GetReadOutProtectionStatus) for FLASH_GetReadOutProtectionStatus
    stm32f10x_flash.o(i.FLASH_EraseOptionBytes) refers to stm32f10x_flash.o(i.FLASH_WaitForLastOperation) for FLASH_WaitForLastOperation
    stm32f10x_flash.o(i.FLASH_ErasePage) refers to stm32f10x_flash.o(i.FLASH_WaitForLastOperation) for FLASH_WaitForLastOperation
    stm32f10x_flash.o(i.FLASH_ProgramHalfWord) refers to stm32f10x_flash.o(i.FLASH_WaitForLastOperation) for FLASH_WaitForLastOperation
    stm32f10x_flash.o(i.FLASH_ProgramOptionByteData) refers to stm32f10x_flash.o(i.FLASH_WaitForLastOperation) for FLASH_WaitForLastOperation
    stm32f10x_flash.o(i.FLASH_ProgramWord) refers to stm32f10x_flash.o(i.FLASH_WaitForLastOperation) for FLASH_WaitForLastOperation
    stm32f10x_flash.o(i.FLASH_ReadOutProtection) refers to stm32f10x_flash.o(i.FLASH_WaitForLastOperation) for FLASH_WaitForLastOperation
    stm32f10x_flash.o(i.FLASH_UserOptionByteConfig) refers to stm32f10x_flash.o(i.FLASH_WaitForLastOperation) for FLASH_WaitForLastOperation
    stm32f10x_flash.o(i.FLASH_WaitForLastBank1Operation) refers to stm32f10x_flash.o(i.FLASH_GetBank1Status) for FLASH_GetBank1Status
    stm32f10x_flash.o(i.FLASH_WaitForLastOperation) refers to stm32f10x_flash.o(i.FLASH_GetBank1Status) for FLASH_GetBank1Status
    stm32f10x_gpio.o(i.GPIO_AFIODeInit) refers to stm32f10x_rcc.o(i.RCC_APB2PeriphResetCmd) for RCC_APB2PeriphResetCmd
    stm32f10x_gpio.o(i.GPIO_DeInit) refers to stm32f10x_rcc.o(i.RCC_APB2PeriphResetCmd) for RCC_APB2PeriphResetCmd
    stm32f10x_i2c.o(i.I2C_DeInit) refers to stm32f10x_rcc.o(i.RCC_APB1PeriphResetCmd) for RCC_APB1PeriphResetCmd
[...]
    i.dir_next                               0x08005d12   Section        0  ff.o(i.dir_next)
    dir_next                                 0x08005d13   Thumb Code   314  ff.o(i.dir_next)
    i.dir_register                           0x08005e4c   Section        0  ff.o(i.dir_register)
    dir_register                             0x08005e4d   Thumb Code   298  ff.o(i.dir_register)
    i.dir_sdi                                0x08005f76   Section        0  ff.o(i.dir_sdi)
    dir_sdi                                  0x08005f77   Thumb Code   200  ff.o(i.dir_sdi)
    i.disk_initialize                        0x0800603e   Section        0  diskio.o(i.disk_initialize)
    i.disk_ioctl                             0x08006068   Section        0  diskio.o(i.disk_ioctl)
    i.disk_read                              0x080060bc   Section        0  diskio.o(i.disk_read)
    i.disk_status                            0x0800616a   Section        0  diskio.o(i.disk_status)
    i.disk_write                             0x08006186   Section        0  diskio.o(i.disk_write)
    i.f_close                                0x0800623a   Section        0  ff.o(i.f_close)
    i.f_mkfs                                 0x0800625c   Section        0  ff.o(i.f_mkfs)
    i.f_mount                                0x080068e0   Section        0  ff.o(i.f_mount)
    i.f_open                                 0x0800693c   Section        0  ff.o(i.f_open)
    i.f_sync                                 0x08006aba   Section        0  ff.o(i.f_sync)
    i.f_write                                0x08006b6a   Section        0  ff.o(i.f_write)
    i.ff_convert                             0x08006d78   Section        0  ccsbcs.o(i.ff_convert)
    i.ff_wtoupper                            0x08006dc4   Section        0  ccsbcs.o(i.ff_wtoupper)
    i.find_volume                            0x08006e20   Section        0  ff.o(i.find_volume)
    find_volume                              0x08006e21   Thumb Code   966  ff.o(i.find_volume)
    i.fit_lfn                                0x080071f8   Section        0  ff.o(i.fit_lfn)
    fit_lfn                                  0x080071f9   Thumb Code   122  ff.o(i.fit_lfn)
    i.follow_path                            0x08007278   Section        0  ff.o(i.follow_path)
    follow_path                              0x08007279   Thumb Code   144  ff.o(i.follow_path)
    i.fputc                                  0x08007308   Section        0  bsp_usart.o(i.fputc)
    i.gen_numname                            0x0800732c   Section        0  ff.o(i.gen_numname)
    gen_numname                              0x0800732d   Thumb Code   176  ff.o(i.gen_numname)
    i.get_fat                                0x080073e0   Section        0  ff.o(i.get_fat)
    i.get_fattime                            0x08007520   Section        0  diskio.o(i.get_fattime)
    i.get_ldnumber                           0x08007528   Section        0  ff.o(i.get_ldnumber)
    get_ldnumber                             0x08007529   Thumb Code    74  ff.o(i.get_ldnumber)
    i.i2c_Ack                                0x08007574   Section        0  bsp_i2c_gpio.o(i.i2c_Ack)
    i.i2c_Delay                              0x080075a4   Section        0  bsp_i2c_gpio.o(i.i2c_Delay)
    i2c_Delay                                0x080075a5   Thumb Code    14  bsp_i2c_gpio.o(i.i2c_Delay)
    i.i2c_NAck                               0x080075b4   Section        0  bsp_i2c_gpio.o(i.i2c_NAck)
    i.i2c_ReadByte                           0x080075dc   Section        0  bsp_i2c_gpio.o(i.i2c_ReadByte)
    i.i2c_SendByte                           0x0800762c   Section        0  bsp_i2c_gpio.o(i.i2c_SendByte)
    i.i2c_Start                              0x08007680   Section        0  bsp_i2c_gpio.o(i.i2c_Start)
    i.i2c_Stop                               0x080076b0   Section        0  bsp_i2c_gpio.o(i.i2c_Stop)
    i.i2c_WaitAck                            0x080076d0   Section        0  bsp_i2c_gpio.o(i.i2c_WaitAck)
    i.i2c_config                             0x0800770c   Section        0  bh1750.o(i.i2c_config)
    i.itoa                                   0x0800773c   Section        0  common.o(i.itoa)
    itoa                                     0x0800773d   Thumb Code    98  common.o(i.itoa)
    i.ld_clust                               0x0800779e   Section        0  ff.o(i.ld_clust)
    ld_clust                                 0x0800779f   Thumb Code    32  ff.o(i.ld_clust)
    i.main                                   0x080077c0   Section        0  main.o(i.main)
    i.mdelay                                 0x08008218   Section        0  bsp_systick.o(i.mdelay)
    i.mem_cmp                                0x0800823c   Section        0  ff.o(i.mem_cmp)
    mem_cmp                                  0x0800823d   Thumb Code    38  ff.o(i.mem_cmp)
    i.mem_cpy                                0x08008262   Section        0  ff.o(i.mem_cpy)
    mem_cpy                                  0x08008263   Thumb Code    26  ff.o(i.mem_cpy)
    i.mem_set                                0x0800827c   Section        0  ff.o(i.mem_set)
    mem_set                                  0x0800827d   Thumb Code    20  ff.o(i.mem_set)
    i.move_window                            0x08008290   Section        0  ff.o(i.move_window)
    move_window                              0x08008291   Thumb Code    52  ff.o(i.move_window)
    i.put_fat                                0x080082c4   Section        0  ff.o(i.put_fat)
    i.remove_chain                           0x0800844c   Section        0  ff.o(i.remove_chain)
    remove_chain                             0x0800844d   Thumb Code   108  ff.o(i.remove_chain)
    i.st_clust                               0x080084b8   Section        0  ff.o(i.st_clust)
    st_clust                                 0x080084b9   Thumb Code    16  ff.o(i.st_clust)
    i.sum_sfn                                0x080084c8   Section        0  ff.o(i.sum_sfn)
    sum_sfn                                  0x080084c9   Thumb Code    32  ff.o(i.sum_sfn)
    i.sync_fs                                0x080084e8   Section        0  ff.o(i.sync_fs)
    sync_fs                                  0x080084e9   Thumb Code   200  ff.o(i.sync_fs)
    i.sync_window                            0x080085b0   Section        0  ff.o(i.sync_window)
    sync_window                              0x080085b1   Thumb Code    82  ff.o(i.sync_window)
    i.validate                               0x08008602   Section        0  ff.o(i.validate)
    validate                                 0x08008603   Thumb Code    50  ff.o(i.validate)
    .constdata                               0x08008634   Section    15200  fonts.o(.constdata)
    .constdata                               0x0800c194   Section      186  ff.o(.constdata)
    ExCvt                                    0x0800c194   Data         128  ff.o(.constdata)
    LfnOfs                                   0x0800c214   Data          13  ff.o(.constdata)
    vst                                      0x0800c222   Data          22  ff.o(.constdata)
    cst                                      0x0800c238   Data          22  ff.o(.constdata)
    .constdata                               0x0800c24e   Section     2232  ccsbcs.o(.constdata)
    Tbl                                      0x0800c24e   Data         256  ccsbcs.o(.constdata)
    lower                                    0x0800c34e   Data         988  ccsbcs.o(.constdata)
    upper                                    0x0800c72a   Data         988  ccsbcs.o(.constdata)
    .conststring                             0x0800cb08   Section      221  main.o(.conststring)
    .data                                    0x20000000   Section       20  system_stm32f10x.o(.data)
    .data                                    0x20000014   Section       20  stm32f10x_rcc.o(.data)
    APBAHBPrescTable                         0x20000014   Data          16  stm32f10x_rcc.o(.data)
    ADCPrescTable                            0x20000024   Data           4  stm32f10x_rcc.o(.data)
    .data                                    0x20000028   Section       30  main.o(.data)
    baw                                      0x20000040   Data           4  main.o(.data)
    name_count                               0x20000044   Data           1  main.o(.data)
    name_count                               0x20000045   Data           1  main.o(.data)
    .data                                    0x20000048   Section       16  stm32f10x_it.o(.data)
    .data                                    0x20000058   Section      176  bsp_ov7725.o(.data)
    .data                                    0x20000108   Section       16  bsp_ili9341_lcd.o(.data)
    LCD_Currentfonts                         0x20000110   Data           4  bsp_ili9341_lcd.o(.data)
    CurrentTextColor                         0x20000114   Data           2  bsp_ili9341_lcd.o(.data)
    CurrentBackColor                         0x20000116   Data           2  bsp_ili9341_lcd.o(.data)
    .data                                    0x20000118   Section       24  fonts.o(.data)
    .data                                    0x20000130   Section        1  bsp_key.o(.data)
    .data                                    0x20000134   Section        8  bsp_systick.o(.data)
    TimingDelay                              0x20000134   Data           4  bsp_systick.o(.data)
    .data                                    0x2000013c   Section        8  bh1750.o(.data)
    .data                                    0x20000144   Section        1  bsp_bmp.o(.data)
    .data                                    0x20000148   Section       20  bsp_sdio_sdcard.o(.data)
    CardType                                 0x20000148   Data           4  bsp_sdio_sdcard.o(.data)
    RCA                                      0x2000014c   Data           4  bsp_sdio_sdcard.o(.data)
    .data                                    0x2000015c   Section        1  bsp_esp8266.o(.data)
    .data                                    0x20000160   Section       10  ff.o(.data)
    FatFs                                    0x20000160   Data           8  ff.o(.data)
    Fsid                                     0x20000168   Data           2  ff.o(.data)
    .data                                    0x2000016c   Section        4  stdout.o(.data)
    .bss                                     0x20000170   Section     9352  main.o(.bss)
    .bss                                     0x200025f8   Section     9224  bsp_bmp.o(.bss)
    .bss                                     0x20004a00   Section      196  bsp_sdio_sdcard.o(.bss)
    CSD_Tab                                  0x20004a00   Data          16  bsp_sdio_sdcard.o(.bss)
    CID_Tab                                  0x20004a10   Data          16  bsp_sdio_sdcard.o(.bss)
    SDSTATUS_Tab                             0x20004a20   Data          16  bsp_sdio_sdcard.o(.bss)
    .bss                                     0x20004ac4   Section     2526  bsp_esp8266.o(.bss)
    STACK                                    0x200054a8   Section     4096  startup_stm32f10x_hd.o(STACK)

    Global Symbols

    Symbol Name                              Value     Ov Type        Size  Object(Section)

    BuildAttributes$$THM_ISAv4$P$D$K$B$S$PE$A:L22UL41UL21$X:L11$S22US41US21$IEEE1$IW$USESV6$~STKCKD$USESV7$~SHL$OTIME$ROPI$EBA8$MICROLIB$REQ8$PRES8$EABIv2 0x00000000   Number         0  anon$$obj.o ABSOLUTE
    __ARM_use_no_argv                        0x00000000   Number         0  main.o ABSOLUTE
    _printf_a                                0x00000000   Number         0  stubs.o ABSOLUTE
    _printf_c                                0x00000000   Number         0  stubs.o ABSOLUTE
    _printf_charcount                        0x00000000   Number         0  stubs.o ABSOLUTE
    _printf_d                                0x00000000   Number         0  stubs.o ABSOLUTE
    _printf_e                                0x00000000   Number         0  stubs.o ABSOLUTE
    _printf_f                                0x00000000   Number         0  stubs.o ABSOLUTE
    _printf_flags                            0x00000000   Number         0  stubs.o ABSOLUTE
    _printf_fp_dec                           0x00000000   Number         0  stubs.o ABSOLUTE
    _printf_fp_hex                           0x00000000   Number         0  stubs.o ABSOLUTE
    _printf_g                                0x00000000   Number         0  stubs.o ABSOLUTE
    _printf_i                                0x00000000   Number         0  stubs.o ABSOLUTE
    _printf_int_dec                          0x00000000   Number         0  stubs.o ABSOLUTE
    _printf_l                                0x00000000   Number         0  stubs.o ABSOLUTE
    _printf_lc                               0x00000000   Number         0  stubs.o ABSOLUTE
    _printf_ll                               0x00000000   Number         0  stubs.o ABSOLUTE
    _printf_lld                              0x00000000   Number         0  stubs.o ABSOLUTE
    _printf_lli                              0x00000000   Number         0  stubs.o ABSOLUTE
    _printf_llo                              0x00000000   Number         0  stubs.o ABSOLUTE
    _printf_llu                              0x00000000   Number         0  stubs.o ABSOLUTE
    _printf_llx                              0x00000000   Number         0  stubs.o ABSOLUTE
    _printf_longlong_dec                     0x00000000   Number         0  stubs.o ABSOLUTE
    _printf_longlong_hex                     0x00000000   Number         0  stubs.o ABSOLUTE
    _printf_longlong_oct                     0x00000000   Number         0  stubs.o ABSOLUTE
    _printf_ls                               0x00000000   Number         0  stubs.o ABSOLUTE
    _printf_mbtowc                           0x00000000   Number         0  stubs.o ABSOLUTE
    _printf_n                                0x00000000   Number         0  stubs.o ABSOLUTE
    _printf_o                                0x00000000   Number         0  stubs.o ABSOLUTE
    _printf_p                                0x00000000   Number         0  stubs.o ABSOLUTE
    _printf_percent                          0x00000000   Number         0  stubs.o ABSOLUTE
    _printf_pre_padding                      0x00000000   Number         0  stubs.o ABSOLUTE
    _printf_return_value                     0x00000000   Number         0  stubs.o ABSOLUTE
    _printf_s                                0x00000000   Number         0  stubs.o ABSOLUTE
    _printf_sizespec                         0x00000000   Number         0  stubs.o ABSOLUTE
    _printf_str                              0x00000000   Number         0  stubs.o ABSOLUTE
    _printf_truncate_signed                  0x00000000   Number         0  stubs.o ABSOLUTE
    _printf_truncate_unsigned                0x00000000   Number         0  stubs.o ABSOLUTE
    _printf_u                                0x00000000   Number         0  stubs.o ABSOLUTE
    _printf_wc                               0x00000000   Number         0  stubs.o ABSOLUTE
    _printf_wctomb                           0x00000000   Number         0  stubs.o ABSOLUTE
    _printf_widthprec                        0x00000000   Number         0  stubs.o ABSOLUTE
    _printf_x                                0x00000000   Number         0  stubs.o ABSOLUTE
    __cpp_initialize__aeabi_                  - Undefined Weak Reference
    __cxa_finalize                            - Undefined Weak Reference
    _clock_init                               - Undefined Weak Reference
    _microlib_exit                            - Undefined Weak Reference
    __Vectors_Size                           0x00000130   Number         0  startup_stm32f10x_hd.o ABSOLUTE
    __Vectors                                0x08000000   Data           4  startup_stm32f10x_hd.o(RESET)
    __Vectors_End                            0x08000130   Data           0  startup_stm32f10x_hd.o(RESET)
    __main                                   0x08000131   Thumb Code     0  entry.o(.ARM.Collect$$$$00000000)
    _main_stk                                0x08000131   Thumb Code     0  entry2.o(.ARM.Collect$$$$00000001)
    _main_scatterload                        0x08000135   Thumb Code     0  entry5.o(.ARM.Collect$$$$00000004)
    __main_after_scatterload                 0x08000139   Thumb Code     0  entry5.o(.ARM.Collect$$$$00000004)
    _main_clock                              0x08000139   Thumb Code     0  entry7b.o(.ARM.Collect$$$$00000008)
    _main_cpp_init                           0x08000139   Thumb Code     0  entry8b.o(.ARM.Collect$$$$0000000A)
    _main_init                               0x08000139   Thumb Code     0  entry9a.o(.ARM.Collect$$$$0000000B)
    __rt_final_cpp                           0x08000141   Thumb Code     0  entry10a.o(.ARM.Collect$$$$0000000D)
    __rt_final_exit                          0x08000141   Thumb Code     0  entry11a.o(.ARM.Collect$$$$0000000F)
    Reset_Handler                            0x08000145   Thumb Code     8  startup_stm32f10x_hd.o(.text)
    ADC1_2_IRQHandler                        0x0800015f   Thumb Code     0  startup_stm32f10x_hd.o(.text)
    ADC3_IRQHandler                          0x0800015f   Thumb Code     0  startup_stm32f10x_hd.o(.text)
    CAN1_RX1_IRQHandler                      0x0800015f   Thumb Code     0  startup_stm32f10x_hd.o(.text)
    CAN1_SCE_IRQHandler                      0x0800015f   Thumb Code     0  startup_stm32f10x_hd.o(.text)
    DMA1_Channel1_IRQHandler                 0x0800015f   Thumb Code     0  startup_stm32f10x_hd.o(.text)
    DMA1_Channel2_IRQHandler                 0x0800015f   Thumb Code     0  startup_stm32f10x_hd.o(.text)
    DMA1_Channel3_IRQHandler                 0x0800015f   Thumb Code     0  startup_stm32f10x_hd.o(.text)
    DMA1_Channel4_IRQHandler                 0x0800015f   Thumb Code     0  startup_stm32f10x_hd.o(.text)
    DMA1_Channel5_IRQHandler                 0x0800015f   Thumb Code     0  startup_stm32f10x_hd.o(.text)
    DMA1_Channel6_IRQHandler                 0x0800015f   Thumb Code     0  startup_stm32f10x_hd.o(.text)
    DMA1_Channel7_IRQHandler                 0x0800015f   Thumb Code     0  startup_stm32f10x_hd.o(.text)
    DMA2_Channel1_IRQHandler                 0x0800015f   Thumb Code     0  startup_stm32f10x_hd.o(.text)
    DMA2_Channel2_IRQHandler                 0x0800015f   Thumb Code     0  startup_stm32f10x_hd.o(.text)
    DMA2_Channel3_IRQHandler                 0x0800015f   Thumb Code     0  startup_stm32f10x_hd.o(.text)
    DMA2_Channel4_5_IRQHandler               0x0800015f   Thumb Code     0  startup_stm32f10x_hd.o(.text)
    EXTI15_10_IRQHandler                     0x0800015f   Thumb Code     0  startup_stm32f10x_hd.o(.text)
    EXTI1_IRQHandler                         0x0800015f   Thumb Code     0  startup_stm32f10x_hd.o(.text)
    EXTI2_IRQHandler                         0x0800015f   Thumb Code     0  startup_stm32f10x_hd.o(.text)
    EXTI4_IRQHandler                         0x0800015f   Thumb Code     0  startup_stm32f10x_hd.o(.text)
    EXTI9_5_IRQHandler                       0x0800015f   Thumb Code     0  startup_stm32f10x_hd.o(.text)
    FLASH_IRQHandler                         0x0800015f   Thumb Code     0  startup_stm32f10x_hd.o(.text)
    FSMC_IRQHandler                          0x0800015f   Thumb Code     0  startup_stm32f10x_hd.o(.text)
    I2C1_ER_IRQHandler                       0x0800015f   Thumb Code     0  startup_stm32f10x_hd.o(.text)
    I2C1_EV_IRQHandler                       0x0800015f   Thumb Code     0  startup_stm32f10x_hd.o(.text)
    I2C2_ER_IRQHandler                       0x0800015f   Thumb Code     0  startup_stm32f10x_hd.o(.text)
    I2C2_EV_IRQHandler                       0x0800015f   Thumb Code     0  startup_stm32f10x_hd.o(.text)
    PVD_IRQHandler                           0x0800015f   Thumb Code     0  startup_stm32f10x_hd.o(.text)
    RCC_IRQHandler                           0x0800015f   Thumb Code     0  startup_stm32f10x_hd.o(.text)
    RTCAlarm_IRQHandler                      0x0800015f   Thumb Code     0  startup_stm32f10x_hd.o(.text)
    RTC_IRQHandler                           0x0800015f   Thumb Code     0  startup_stm32f10x_hd.o(.text)
    SPI1_IRQHandler                          0x0800015f   Thumb Code     0  startup_stm32f10x_hd.o(.text)
    SPI2_IRQHandler                          0x0800015f   Thumb Code     0  startup_stm32f10x_hd.o(.text)
    SPI3_IRQHandler                          0x0800015f   Thumb Code     0  startup_stm32f10x_hd.o(.text)
    TAMPER_IRQHandler                        0x0800015f   Thumb Code     0  startup_stm32f10x_hd.o(.text)
    TIM1_BRK_IRQHandler                      0x0800015f   Thumb Code     0  startup_stm32f10x_hd.o(.text)
    TIM1_CC_IRQHandler                       0x0800015f   Thumb Code     0  startup_stm32f10x_hd.o(.text)
    TIM1_TRG_COM_IRQHandler                  0x0800015f   Thumb Code     0  startup_stm32f10x_hd.o(.text)
    TIM1_UP_IRQHandler                       0x0800015f   Thumb Code     0  startup_stm32f10x_hd.o(.text)
    TIM2_IRQHandler                          0x0800015f   Thumb Code     0  startup_stm32f10x_hd.o(.text)
    TIM3_IRQHandler                          0x0800015f   Thumb Code     0  startup_stm32f10x_hd.o(.text)
    TIM4_IRQHandler                          0x0800015f   Thumb Code     0  startup_stm32f10x_hd.o(.text)
    TIM5_IRQHandler                          0x0800015f   Thumb Code     0  startup_stm32f10x_hd.o(.text)
    TIM6_IRQHandler                          0x0800015f   Thumb Code     0  startup_stm32f10x_hd.o(.text)
    TIM7_IRQHandler                          0x0800015f   Thumb Code     0  startup_stm32f10x_hd.o(.text)
    TIM8_BRK_IRQHandler                      0x0800015f   Thumb Code     0  startup_stm32f10x_hd.o(.text)
    TIM8_CC_IRQHandler                       0x0800015f   Thumb Code     0  startup_stm32f10x_hd.o(.text)
    TIM8_TRG_COM_IRQHandler                  0x0800015f   Thumb Code     0  startup_stm32f10x_hd.o(.text)
    TIM8_UP_IRQHandler                       0x0800015f   Thumb Code     0  startup_stm32f10x_hd.o(.text)
    UART4_IRQHandler                         0x0800015f   Thumb Code     0  startup_stm32f10x_hd.o(.text)
    UART5_IRQHandler                         0x0800015f   Thumb Code     0  startup_stm32f10x_hd.o(.text)
    USART1_IRQHandler                        0x0800015f   Thumb Code     0  startup_stm32f10x_hd.o(.text)
    USART2_IRQHandler                        0x0800015f   Thumb Code     0  startup_stm32f10x_hd.o(.text)
    USBWakeUp_IRQHandler                     0x0800015f   Thumb Code     0  startup_stm32f10x_hd.o(.text)
    USB_HP_CAN1_TX_IRQHandler                0x0800015f   Thumb Code     0  startup_stm32f10x_hd.o(.text)
    USB_LP_CAN1_RX0_IRQHandler               0x0800015f   Thumb Code     0  startup_stm32f10x_hd.o(.text)
    WWDG_IRQHandler                          0x0800015f   Thumb Code     0  startup_stm32f10x_hd.o(.text)
    __aeabi_memcpy                           0x08000169   Thumb Code    36  memcpya.o(.text)
    __aeabi_memcpy4                          0x08000169   Thumb Code     0  memcpya.o(.text)
    __aeabi_memcpy8                          0x08000169   Thumb Code     0  memcpya.o(.text)
    __aeabi_memset                           0x0800018d   Thumb Code    14  memseta.o(.text)
    __aeabi_memset4                          0x0800018d   Thumb Code     0  memseta.o(.text)
    __aeabi_memset8                          0x0800018d   Thumb Code     0  memseta.o(.text)
    __aeabi_memclr                           0x0800019b   Thumb Code     4  memseta.o(.text)
    __aeabi_memclr4                          0x0800019b   Thumb Code     0  memseta.o(.text)
    __aeabi_memclr8                          0x0800019b   Thumb Code     0  memseta.o(.text)
    _memset$wrapper                          0x0800019f   Thumb Code    18  memseta.o(.text)
    strstr                                   0x080001b1   Thumb Code    36  strstr.o(.text)
    strlen                                   0x080001d5   Thumb Code    14  strlen.o(.text)
    __aeabi_fadd                             0x080001e3   Thumb Code   164  fadd.o(.text)
    __aeabi_fsub                             0x08000287   Thumb Code     6  fadd.o(.text)
    __aeabi_frsub                            0x0800028d   Thumb Code     6  fadd.o(.text)
    __aeabi_dadd                             0x08000293   Thumb Code   322  dadd.o(.text)
    __aeabi_dsub                             0x080003d5   Thumb Code     6  dadd.o(.text)
    __aeabi_drsub                            0x080003db   Thumb Code     6  dadd.o(.text)
    __aeabi_dmul                             0x080003e1   Thumb Code   228  dmul.o(.text)
    __aeabi_ddiv                             0x080004c5   Thumb Code   222  ddiv.o(.text)
    __aeabi_ui2f                             0x080005a3   Thumb Code    10  ffltui.o(.text)
    __aeabi_i2d                              0x080005ad   Thumb Code    34  dflti.o(.text)
    __aeabi_f2d                              0x080005cf   Thumb Code    38  f2d.o(.text)
    __aeabi_d2f                              0x080005f5   Thumb Code    56  d2f.o(.text)
    __aeabi_cfcmpeq                          0x0800062d   Thumb Code     0  cfcmple.o(.text)
    __aeabi_cfcmple                          0x0800062d   Thumb Code    20  cfcmple.o(.text)
    __aeabi_uidiv                            0x08000641   Thumb Code     0  uidiv.o(.text)
    __aeabi_uidivmod                         0x08000641   Thumb Code    44  uidiv.o(.text)
    __aeabi_uldivmod                         0x0800066d   Thumb Code    98  uldiv.o(.text)
    __aeabi_llsl                             0x080006cf   Thumb Code    30  llshl.o(.text)
    _ll_shift_l                              0x080006cf   Thumb Code     0  llshl.o(.text)
    __aeabi_lasr                             0x080006ed   Thumb Code    36  llsshr.o(.text)
    _ll_sshift_r                             0x080006ed   Thumb Code     0  llsshr.o(.text)
    __I$use$fp                               0x08000711   Thumb Code     0  iusefp.o(.text)
    _float_round                             0x08000711   Thumb Code    18  fepilogue.o(.text)
    _float_epilogue                          0x08000723   Thumb Code    92  fepilogue.o(.text)
    _double_round                            0x0800077f   Thumb Code    30  depilogue.o(.text)
    _double_epilogue                         0x0800079d   Thumb Code   156  depilogue.o(.text)
    __aeabi_d2ulz                            0x08000839   Thumb Code    48  dfixul.o(.text)
    __aeabi_cdrcmple                         0x08000869   Thumb Code    48  cdrcmple.o(.text)
    __scatterload                            0x08000899   Thumb Code    28  init.o(.text)
    __scatterload_rt2                        0x08000899   Thumb Code     0  init.o(.text)
    __aeabi_llsr                             0x080008bd   Thumb Code    32  llushr.o(.text)
    _ll_ushift_r                             0x080008bd   Thumb Code     0  llushr.o(.text)
    __decompress                             0x080008dd   Thumb Code     0  __dczerorl2.o(.text)
    __decompress1                            0x080008dd   Thumb Code    86  __dczerorl2.o(.text)
    ADC_Cmd                                  0x08000933   Thumb Code    22  stm32f10x_adc.o(i.ADC_Cmd)
    ADC_GetCalibrationStatus                 0x08000949   Thumb Code    20  stm32f10x_adc.o(i.ADC_GetCalibrationStatus)
    ADC_GetConversionValue                   0x0800095d   Thumb Code     8  stm32f10x_adc.o(i.ADC_GetConversionValue)
    ADC_GetResetCalibrationStatus            0x08000965   Thumb Code    20  stm32f10x_adc.o(i.ADC_GetResetCalibrationStatus)
    ADC_INIT                                 0x08000979   Thumb Code   128  main.o(i.ADC_INIT)
    ADC_Init                                 0x08000a05   Thumb Code    70  stm32f10x_adc.o(i.ADC_Init)
    ADC_RegularChannelConfig                 0x08000a55   Thumb Code   184  stm32f10x_adc.o(i.ADC_RegularChannelConfig)
    ADC_ResetCalibration                     0x08000b0d   Thumb Code    10  stm32f10x_adc.o(i.ADC_ResetCalibration)
    ADC_SoftwareStartConvCmd                 0x08000b17   Thumb Code    22  stm32f10x_adc.o(i.ADC_SoftwareStartConvCmd)
    ADC_StartCalibration                     0x08000b2d   Thumb Code    10  stm32f10x_adc.o(i.ADC_StartCalibration)
    BusFault_Handler                         0x08000b37   Thumb Code     4  stm32f10x_it.o(i.BusFault_Handler)
    Cmd_Write_BH1750                         0x08000cfd   Thumb Code    54  bh1750.o(i.Cmd_Write_BH1750)
    Convert_BH1750                           0x08000d35   Thumb Code    70  bh1750.o(i.Convert_BH1750)
    DHT11_GPIO_Config                        0x08000d8d   Thumb Code    46  bsp_dht11.o(i.DHT11_GPIO_Config)
    DMA_ClearFlag                            0x08000e01   Thumb Code    18  stm32f10x_dma.o(i.DMA_ClearFlag)
    DMA_Cmd                                  0x08000e1d   Thumb Code    24  stm32f10x_dma.o(i.DMA_Cmd)
    DMA_GetFlagStatus                        0x08000e35   Thumb Code    36  stm32f10x_dma.o(i.DMA_GetFlagStatus)
    DMA_Init                                 0x08000e61   Thumb Code    60  stm32f10x_dma.o(i.DMA_Init)
    DebugMon_Handler                         0x08000e9d   Thumb Code     2  stm32f10x_it.o(i.DebugMon_Handler)
    Drive_Pump                               0x08000ea1   Thumb Code    40  main.o(i.Drive_Pump)
    ESP8266_AT_Test                          0x08000ed1   Thumb Code    56  bsp_esp8266.o(i.ESP8266_AT_Test)
    ESP8266_Cmd                              0x08000f19   Thumb Code   168  bsp_esp8266.o(i.ESP8266_Cmd)
    ESP8266_Enable_MultipleId                0x08000fd5   Thumb Code    42  bsp_esp8266.o(i.ESP8266_Enable_MultipleId)
    ESP8266_ExitUnvarnishSend                0x08001015   Thumb Code    26  bsp_esp8266.o(i.ESP8266_ExitUnvarnishSend)
    ESP8266_Get_LinkStatus                   0x08001081   Thumb Code    78  bsp_esp8266.o(i.ESP8266_Get_LinkStatus)
    ESP8266_Init                             0x08001119   Thumb Code    32  bsp_esp8266.o(i.ESP8266_Init)
    ESP8266_JoinAP                           0x0800113d   Thumb Code    38  bsp_esp8266.o(i.ESP8266_JoinAP)
    ESP8266_Link_Server                      0x0800117d   Thumb Code   110  bsp_esp8266.o(i.ESP8266_Link_Server)
    ESP8266_Net_Mode_Choose                  0x0800123d   Thumb Code    68  bsp_esp8266.o(i.ESP8266_Net_Mode_Choose)
    ESP8266_Reconnect                        0x080012b5   Thumb Code    88  bsp_esp8266.o(i.ESP8266_Reconnect)
    ESP8266_Rst                              0x0800138d   Thumb Code    32  bsp_esp8266.o(i.ESP8266_Rst)
    ESP8266_SendString                       0x080013b1   Thumb Code   102  bsp_esp8266.o(i.ESP8266_SendString)
    ESP8266_SetupConnection                  0x08001451   Thumb Code   120  bsp_esp8266.o(i.ESP8266_SetupConnection)
    ESP8266_UnvarnishSend                    0x08001665   Thumb Code    46  bsp_esp8266.o(i.ESP8266_UnvarnishSend)
    EXTI0_IRQHandler                         0x080016b9   Thumb Code    34  stm32f10x_it.o(i.EXTI0_IRQHandler)
    EXTI3_IRQHandler                         0x080016e1   Thumb Code    78  stm32f10x_it.o(i.EXTI3_IRQHandler)
    EXTI_CONFIG                              0x0800173d   Thumb Code    76  main.o(i.EXTI_CONFIG)
    EXTI_ClearITPendingBit                   0x08001789   Thumb Code     6  stm32f10x_exti.o(i.EXTI_ClearITPendingBit)
    EXTI_GenerateSWInterrupt                 0x08001795   Thumb Code    12  stm32f10x_exti.o(i.EXTI_GenerateSWInterrupt)
    EXTI_GetITStatus                         0x080017a5   Thumb Code    34  stm32f10x_exti.o(i.EXTI_GetITStatus)
    EXTI_Init                                0x080017cd   Thumb Code   142  stm32f10x_exti.o(i.EXTI_Init)
    FSMC_NORSRAMCmd                          0x08001915   Thumb Code    46  stm32f10x_fsmc.o(i.FSMC_NORSRAMCmd)
    FSMC_NORSRAMInit                         0x08001949   Thumb Code   230  stm32f10x_fsmc.o(i.FSMC_NORSRAMInit)
    Fetch_BH1750                             0x08001a31   Thumb Code    30  main.o(i.Fetch_BH1750)
    Fetch_DHT11                              0x08001a55   Thumb Code    18  main.o(i.Fetch_DHT11)
    Fetch_Moisture                           0x08001a81   Thumb Code   136  main.o(i.Fetch_Moisture)
    GPIO_EXTILineConfig                      0x08001d0d   Thumb Code    60  stm32f10x_gpio.o(i.GPIO_EXTILineConfig)
    GPIO_Init                                0x08001d4d   Thumb Code   278  stm32f10x_gpio.o(i.GPIO_Init)
    GPIO_ReadInputDataBit                    0x08001e63   Thumb Code    18  stm32f10x_gpio.o(i.GPIO_ReadInputDataBit)
    GPIO_ResetBits                           0x08001e75   Thumb Code     4  stm32f10x_gpio.o(i.GPIO_ResetBits)
    GPIO_SetBits                             0x08001e79   Thumb Code     4  stm32f10x_gpio.o(i.GPIO_SetBits)
    HardFault_Handler                        0x08001e7d   Thumb Code     4  stm32f10x_it.o(i.HardFault_Handler)
    ILI9341_BackLed_Control                  0x08001e81   Thumb Code    30  bsp_ili9341_lcd.o(i.ILI9341_BackLed_Control)
    ILI9341_Clear                            0x08001ea5   Thumb Code    40  bsp_ili9341_lcd.o(i.ILI9341_Clear)
    ILI9341_DispChar_EN                      0x08001ee5   Thumb Code   138  bsp_ili9341_lcd.o(i.ILI9341_DispChar_EN)
    ILI9341_DispStringLine_EN                0x08001f7d   Thumb Code    92  bsp_ili9341_lcd.o(i.ILI9341_DispStringLine_EN)
    ILI9341_GetPointPixel                    0x080021fd   Thumb Code    24  bsp_ili9341_lcd.o(i.ILI9341_GetPointPixel)
    ILI9341_GramScan                         0x08002215   Thumb Code   172  bsp_ili9341_lcd.o(i.ILI9341_GramScan)
    ILI9341_Init                             0x080022cd   Thumb Code    34  bsp_ili9341_lcd.o(i.ILI9341_Init)
    ILI9341_OpenWindow                       0x080022f5   Thumb Code    88  bsp_ili9341_lcd.o(i.ILI9341_OpenWindow)
    ILI9341_Read_Data                        0x0800257d   Thumb Code     6  bsp_ili9341_lcd.o(i.ILI9341_Read_Data)
    ILI9341_Rst                              0x080025c1   Thumb Code    36  bsp_ili9341_lcd.o(i.ILI9341_Rst)
    ILI9341_Write_Cmd                        0x080025fd   Thumb Code     8  bsp_ili9341_lcd.o(i.ILI9341_Write_Cmd)
    ILI9341_Write_Data                       0x08002605   Thumb Code     6  bsp_ili9341_lcd.o(i.ILI9341_Write_Data)
    ImagDisp                                 0x08002611   Thumb Code   140  bsp_ov7725.o(i.ImagDisp)
    Init_BH1750                              0x080026a9   Thumb Code     8  bh1750.o(i.Init_BH1750)
    Key_GPIO_Config                          0x080026b1   Thumb Code    76  bsp_key.o(i.Key_GPIO_Config)
    Key_Scan                                 0x08002705   Thumb Code    90  bsp_key.o(i.Key_Scan)
    LCD_GetFont                              0x08002765   Thumb Code     6  bsp_ili9341_lcd.o(i.LCD_GetFont)
    LCD_SetColors                            0x08002771   Thumb Code    10  bsp_ili9341_lcd.o(i.LCD_SetColors)
    LCD_SetFont                              0x08002785   Thumb Code     6  bsp_ili9341_lcd.o(i.LCD_SetFont)
    LED_GPIO_Config                          0x08002791   Thumb Code    90  bsp_led.o(i.LED_GPIO_Config)
    MemManage_Handler                        0x080027f1   Thumb Code     4  stm32f10x_it.o(i.MemManage_Handler)
    NMI_Handler                              0x080027f5   Thumb Code     2  stm32f10x_it.o(i.NMI_Handler)
    NVIC_Init                                0x08002821   Thumb Code   100  misc.o(i.NVIC_Init)
    NVIC_PriorityGroupConfig                 0x08002891   Thumb Code    10  misc.o(i.NVIC_PriorityGroupConfig)
    OV7725_Brightness                        0x080028a5   Thumb Code   104  bsp_ov7725.o(i.OV7725_Brightness)
    OV7725_Color_Saturation                  0x0800290d   Thumb Code    46  bsp_ov7725.o(i.OV7725_Color_Saturation)
    OV7725_Contrast                          0x0800293b   Thumb Code    40  bsp_ov7725.o(i.OV7725_Contrast)
    OV7725_GPIO_Config                       0x08002963   Thumb Code    16  bsp_ov7725.o(i.OV7725_GPIO_Config)
    OV7725_Init                              0x08002975   Thumb Code    96  bsp_ov7725.o(i.OV7725_Init)
    OV7725_Light_Mode                        0x080029dd   Thumb Code   282  bsp_ov7725.o(i.OV7725_Light_Mode)
    OV7725_Special_Effect                    0x08002af7   Thumb Code   196  bsp_ov7725.o(i.OV7725_Special_Effect)
    OV7725_Window_Set                        0x08002bbb   Thumb Code   232  bsp_ov7725.o(i.OV7725_Window_Set)
    PendSV_Handler                           0x08002ca3   Thumb Code     2  stm32f10x_it.o(i.PendSV_Handler)
    Pump_GPIO_INIT                           0x08002ca5   Thumb Code    50  main.o(i.Pump_GPIO_INIT)
    RCC_AHBPeriphClockCmd                    0x08002cdd   Thumb Code    26  stm32f10x_rcc.o(i.RCC_AHBPeriphClockCmd)
    RCC_APB1PeriphClockCmd                   0x08002cfd   Thumb Code    26  stm32f10x_rcc.o(i.RCC_APB1PeriphClockCmd)
    RCC_APB2PeriphClockCmd                   0x08002d1d   Thumb Code    26  stm32f10x_rcc.o(i.RCC_APB2PeriphClockCmd)
    RCC_GetClocksFreq                        0x08002d3d   Thumb Code   192  stm32f10x_rcc.o(i.RCC_GetClocksFreq)
    Read_BH1750                              0x08002e11   Thumb Code    56  bh1750.o(i.Read_BH1750)
    Read_DHT11                               0x08002ead   Thumb Code   172  bsp_dht11.o(i.Read_DHT11)
    SCCB_GPIO_Config                         0x08002fd1   Thumb Code    60  bsp_sccb.o(i.SCCB_GPIO_Config)
    SCCB_ReadByte                            0x08003049   Thumb Code   122  bsp_sccb.o(i.SCCB_ReadByte)
    SCCB_WriteByte                           0x08003249   Thumb Code    64  bsp_sccb.o(i.SCCB_WriteByte)
    SDIO_ClearFlag                           0x080033b5   Thumb Code     6  stm32f10x_sdio.o(i.SDIO_ClearFlag)
    SDIO_ClearITPendingBit                   0x080033c1   Thumb Code     6  stm32f10x_sdio.o(i.SDIO_ClearITPendingBit)
    SDIO_ClockCmd                            0x080033cd   Thumb Code     6  stm32f10x_sdio.o(i.SDIO_ClockCmd)
    SDIO_DMACmd                              0x080033d9   Thumb Code     6  stm32f10x_sdio.o(i.SDIO_DMACmd)
    SDIO_DataConfig                          0x080033e5   Thumb Code    42  stm32f10x_sdio.o(i.SDIO_DataConfig)
    SDIO_DeInit                              0x08003415   Thumb Code    28  stm32f10x_sdio.o(i.SDIO_DeInit)
    SDIO_GetCommandResponse                  0x08003439   Thumb Code     8  stm32f10x_sdio.o(i.SDIO_GetCommandResponse)
    SDIO_GetFlagStatus                       0x08003445   Thumb Code    20  stm32f10x_sdio.o(i.SDIO_GetFlagStatus)
    SDIO_GetPowerState                       0x0800345d   Thumb Code    10  stm32f10x_sdio.o(i.SDIO_GetPowerState)
    SDIO_GetResponse                         0x0800346d   Thumb Code    20  stm32f10x_sdio.o(i.SDIO_GetResponse)
    SDIO_IRQHandler                          0x08003485   Thumb Code     8  stm32f10x_it.o(i.SDIO_IRQHandler)
    SDIO_ITConfig                            0x0800348d   Thumb Code    26  stm32f10x_sdio.o(i.SDIO_ITConfig)
    SDIO_Init                                0x080034ad   Thumb Code    42  stm32f10x_sdio.o(i.SDIO_Init)
    SDIO_ReadData                            0x080034dd   Thumb Code     6  stm32f10x_sdio.o(i.SDIO_ReadData)
    SDIO_SendCommand                         0x080034e9   Thumb Code    38  stm32f10x_sdio.o(i.SDIO_SendCommand)
    SDIO_SetPowerState                       0x08003515   Thumb Code    22  stm32f10x_sdio.o(i.SDIO_SetPowerState)
    SD_EnableWideBusOperation                0x08003609   Thumb Code   140  bsp_sdio_sdcard.o(i.SD_EnableWideBusOperation)
    SD_GetCardInfo                           0x0800369d   Thumb Code   700  bsp_sdio_sdcard.o(i.SD_GetCardInfo)
    SD_GetState                              0x08003969   Thumb Code    26  bsp_sdio_sdcard.o(i.SD_GetState)
    SD_GetStatus                             0x08003983   Thumb Code    30  bsp_sdio_sdcard.o(i.SD_GetStatus)
    SD_Init                                  0x080039a1   Thumb Code   106  bsp_sdio_sdcard.o(i.SD_Init)
    SD_InitializeCards                       0x08003a15   Thumb Code   294  bsp_sdio_sdcard.o(i.SD_InitializeCards)
    SD_PowerON                               0x08003b51   Thumb Code   374  bsp_sdio_sdcard.o(i.SD_PowerON)
    SD_ProcessIRQSrc                         0x08003cd9   Thumb Code    70  bsp_sdio_sdcard.o(i.SD_ProcessIRQSrc)
    SD_ReadMultiBlocks                       0x08003d31   Thumb Code   202  bsp_sdio_sdcard.o(i.SD_ReadMultiBlocks)
    SD_SelectDeselect                        0x08003e19   Thumb Code    48  bsp_sdio_sdcard.o(i.SD_SelectDeselect)
    SD_SendStatus                            0x08003e4d   Thumb Code    46  bsp_sdio_sdcard.o(i.SD_SendStatus)
    SD_WaitReadOperation                     0x08003e85   Thumb Code    42  bsp_sdio_sdcard.o(i.SD_WaitReadOperation)
    SD_WaitWriteOperation                    0x08003eb9   Thumb Code    50  bsp_sdio_sdcard.o(i.SD_WaitWriteOperation)
    SD_WriteMultiBlocks                      0x08003ef5   Thumb Code   294  bsp_sdio_sdcard.o(i.SD_WriteMultiBlocks)
    SVC_Handler                              0x0800403d   Thumb Code     2  stm32f10x_it.o(i.SVC_Handler)
    Save_Data                                0x08004041   Thumb Code   278  main.o(i.Save_Data)
    Save_Photo                               0x0800426d   Thumb Code   176  main.o(i.Save_Photo)
    Screen_Shot                              0x08004371   Thumb Code   388  bsp_bmp.o(i.Screen_Shot)
    Send_Photo                               0x08004535   Thumb Code   222  main.o(i.Send_Photo)
    Start_BH1750                             0x08004749   Thumb Code    22  bh1750.o(i.Start_BH1750)
    SysTick_Handler                          0x08004761   Thumb Code   130  stm32f10x_it.o(i.SysTick_Handler)
    SysTick_Init                             0x080047fd   Thumb Code   106  bsp_systick.o(i.SysTick_Init)
    SystemInit                               0x08004879   Thumb Code    78  system_stm32f10x.o(i.SystemInit)
    TimeStamp_Increment                      0x080048d9   Thumb Code    12  bsp_systick.o(i.TimeStamp_Increment)
    TimingDelay_Decrement                    0x080048e9   Thumb Code    18  bsp_systick.o(i.TimingDelay_Decrement)
    USART3_IRQHandler                        0x08004901   Thumb Code   134  stm32f10x_it.o(i.USART3_IRQHandler)
    USART_Cmd                                0x080049a1   Thumb Code    24  stm32f10x_usart.o(i.USART_Cmd)
    USART_Config                             0x080049b9   Thumb Code   120  bsp_usart.o(i.USART_Config)
    USART_GetFlagStatus                      0x08004a39   Thumb Code    26  stm32f10x_usart.o(i.USART_GetFlagStatus)
    USART_GetITStatus                        0x08004a53   Thumb Code    84  stm32f10x_usart.o(i.USART_GetITStatus)
    USART_ITConfig                           0x08004aa7   Thumb Code    74  stm32f10x_usart.o(i.USART_ITConfig)
    USART_Init                               0x08004af1   Thumb Code   210  stm32f10x_usart.o(i.USART_Init)
    USART_ReceiveData                        0x08004bc9   Thumb Code    10  stm32f10x_usart.o(i.USART_ReceiveData)
    USART_SendData                           0x08004bd3   Thumb Code     8  stm32f10x_usart.o(i.USART_SendData)
    USART_printf                             0x08004bdb   Thumb Code   262  common.o(i.USART_printf)
    UsageFault_Handler                       0x08004ce1   Thumb Code     4  stm32f10x_it.o(i.UsageFault_Handler)
    __0printf                                0x08004d61   Thumb Code    22  printfa.o(i.__0printf)
    __1printf                                0x08004d61   Thumb Code     0  printfa.o(i.__0printf)
    __2printf                                0x08004d61   Thumb Code     0  printfa.o(i.__0printf)
    __c89printf                              0x08004d61   Thumb Code     0  printfa.o(i.__0printf)
    printf                                   0x08004d61   Thumb Code     0  printfa.o(i.__0printf)
    __0sprintf                               0x08004d81   Thumb Code    34  printfa.o(i.__0sprintf)
    __1sprintf                               0x08004d81   Thumb Code     0  printfa.o(i.__0sprintf)
    __2sprintf                               0x08004d81   Thumb Code     0  printfa.o(i.__0sprintf)
    __c89sprintf                             0x08004d81   Thumb Code     0  printfa.o(i.__0sprintf)
    sprintf                                  0x08004d81   Thumb Code     0  printfa.o(i.__0sprintf)
    __scatterload_copy                       0x08004da9   Thumb Code    14  handlers.o(i.__scatterload_copy)
    __scatterload_null                       0x08004db7   Thumb Code     2  handlers.o(i.__scatterload_null)
    __scatterload_zeroinit                   0x08004db9   Thumb Code    14  handlers.o(i.__scatterload_zeroinit)
    base64_encode                            0x08005685   Thumb Code   220  main.o(i.base64_encode)
    clust2sect                               0x08005809   Thumb Code    26  ff.o(i.clust2sect)
    disk_initialize                          0x0800603f   Thumb Code    42  diskio.o(i.disk_initialize)
    disk_ioctl                               0x08006069   Thumb Code    78  diskio.o(i.disk_ioctl)
    disk_read                                0x080060bd   Thumb Code   174  diskio.o(i.disk_read)
    disk_status                              0x0800616b   Thumb Code    28  diskio.o(i.disk_status)
    disk_write                               0x08006187   Thumb Code   180  diskio.o(i.disk_write)
    f_close                                  0x0800623b   Thumb Code    32  ff.o(i.f_close)
    f_mkfs                                   0x0800625d   Thumb Code  1622  ff.o(i.f_mkfs)
    f_mount                                  0x080068e1   Thumb Code    86  ff.o(i.f_mount)
    f_open                                   0x0800693d   Thumb Code   382  ff.o(i.f_open)
    f_sync                                   0x08006abb   Thumb Code   176  ff.o(i.f_sync)
    f_write                                  0x08006b6b   Thumb Code   524  ff.o(i.f_write)
    ff_convert                               0x08006d79   Thumb Code    70  ccsbcs.o(i.ff_convert)
    ff_wtoupper                              0x08006dc5   Thumb Code    84  ccsbcs.o(i.ff_wtoupper)
    fputc                                    0x08007309   Thumb Code    32  bsp_usart.o(i.fputc)
    get_fat                                  0x080073e1   Thumb Code   318  ff.o(i.get_fat)
    get_fattime                              0x08007521   Thumb Code     4  diskio.o(i.get_fattime)
    i2c_Ack                                  0x08007575   Thumb Code    44  bsp_i2c_gpio.o(i.i2c_Ack)
    i2c_NAck                                 0x080075b5   Thumb Code    36  bsp_i2c_gpio.o(i.i2c_NAck)
    i2c_ReadByte                             0x080075dd   Thumb Code    76  bsp_i2c_gpio.o(i.i2c_ReadByte)
    i2c_SendByte                             0x0800762d   Thumb Code    80  bsp_i2c_gpio.o(i.i2c_SendByte)
    i2c_Start                                0x08007681   Thumb Code    42  bsp_i2c_gpio.o(i.i2c_Start)
    i2c_Stop                                 0x080076b1   Thumb Code    28  bsp_i2c_gpio.o(i.i2c_Stop)
    i2c_WaitAck                              0x080076d1   Thumb Code    56  bsp_i2c_gpio.o(i.i2c_WaitAck)
    i2c_config                               0x0800770d   Thumb Code    42  bh1750.o(i.i2c_config)
    main                                     0x080077c1   Thumb Code  2352  main.o(i.main)
    mdelay                                   0x08008219   Thumb Code    32  bsp_systick.o(i.mdelay)
    put_fat                                  0x080082c5   Thumb Code   392  ff.o(i.put_fat)
    ASCII8x16_Table                          0x08008634   Data        1520  fonts.o(.constdata)
    ASCII16x24_Table                         0x08008c24   Data        4560  fonts.o(.constdata)
    ASCII24x32_Table                         0x08009df4   Data        9120  fonts.o(.constdata)
    Region$$Table$$Base                      0x0800cbe8   Number         0  anon$$obj.o(Region$$Table)
    Region$$Table$$Limit                     0x0800cc08   Number         0  anon$$obj.o(Region$$Table)
    SystemCoreClock                          0x20000000   Data           4  system_stm32f10x.o(.data)
    AHBPrescTable                            0x20000004   Data          16  system_stm32f10x.o(.data)
    base64char                               0x20000028   Data           4  main.o(.data)
    DHT11_Data                               0x2000002c   Data           6  main.o(.data)
    moisture_final                           0x20000034   Data           4  main.o(.data)
    res_sd                                   0x20000038   Data           1  main.o(.data)
    fnum                                     0x2000003c   Data           4  main.o(.data)
    Minute                                   0x20000048   Data           4  stm32f10x_it.o(.data)
    Second                                   0x2000004c   Data           4  stm32f10x_it.o(.data)
    Hour                                     0x20000050   Data           4  stm32f10x_it.o(.data)
    tenUs                                    0x20000054   Data           4  stm32f10x_it.o(.data)
    cam_mode                                 0x20000058   Data          20  bsp_ov7725.o(.data)
    Sensor_Config                            0x2000006c   Data         154  bsp_ov7725.o(.data)
    OV7725_REG_NUM                           0x20000106   Data           1  bsp_ov7725.o(.data)
    Ov7725_vsync                             0x20000107   Data           1  bsp_ov7725.o(.data)
    LCD_X_LENGTH                             0x20000108   Data           2  bsp_ili9341_lcd.o(.data)
    LCD_Y_LENGTH                             0x2000010a   Data           2  bsp_ili9341_lcd.o(.data)
    LCD_SCAN_MODE                            0x2000010c   Data           1  bsp_ili9341_lcd.o(.data)
    Font8x16                                 0x20000118   Data           8  fonts.o(.data)
    Font16x24                                0x20000120   Data           8  fonts.o(.data)
    Font24x32                                0x20000128   Data           8  fonts.o(.data)
    mode                                     0x20000130   Data           1  bsp_key.o(.data)
    g_ul_ms_ticks                            0x20000138   Data           4  bsp_systick.o(.data)
    result_lx                                0x2000013c   Data           4  bh1750.o(.data)
    BUF                                      0x20000140   Data           2  bh1750.o(.data)
    result                                   0x20000142   Data           2  bh1750.o(.data)
    bmpres                                   0x20000144   Data           1  bsp_bmp.o(.data)
    StopCondition                            0x20000150   Data           4  bsp_sdio_sdcard.o(.data)
    TransferError                            0x20000154   Data           1  bsp_sdio_sdcard.o(.data)
    TransferEnd                              0x20000158   Data           4  bsp_sdio_sdcard.o(.data)
    ucTcpClosedFlag                          0x2000015c   Data           1  bsp_esp8266.o(.data)
    __stdout                                 0x2000016c   Data           4  stdout.o(.data)
    ADC_InitStructure                        0x20000170   Data          20  main.o(.bss)
    Task_Delay                               0x20000184   Data          20  main.o(.bss)
    pump_t                                   0x20000198   Data          12  main.o(.bss)
    fs                                       0x200001a4   Data        4144  main.o(.bss)
    fnew                                     0x200011d4   Data        4132  main.o(.bss)
    ReadBuffer                               0x200021f8   Data        1024  main.o(.bss)
    pColorData                               0x200025f8   Data         960  bsp_bmp.o(.bss)
    bmpfsrc                                  0x200029b8   Data        4132  bsp_bmp.o(.bss)
    bmpfdst                                  0x200039dc   Data        4132  bsp_bmp.o(.bss)
    SDCardInfo                               0x20004a30   Data          80  bsp_sdio_sdcard.o(.bss)
    SDIO_InitStructure                       0x20004a80   Data          24  bsp_sdio_sdcard.o(.bss)
    SDIO_CmdInitStructure                    0x20004a98   Data          20  bsp_sdio_sdcard.o(.bss)
    SDIO_DataInitStructure                   0x20004aac   Data          24  bsp_sdio_sdcard.o(.bss)
    strEsp8266_Fram_Record                   0x20004ac4   Data        1026  bsp_esp8266.o(.bss)
    cStr                                     0x20004ec6   Data        1500  bsp_esp8266.o(.bss)
    __initial_sp                             0x200064a8   Data           0  startup_stm32f10x_hd.o(STACK)



==============================================================================

Memory Map of the image

  Image Entry point : 0x08000131

  Load Region LR_IROM1 (Base: 0x08000000, Size: 0x0000cd78, Max: 0x00080000, ABSOLUTE, COMPRESSED[0x0000ccf4])

    Execution Region ER_IROM1 (Exec base: 0x08000000, Load base: 0x08000000, Size: 0x0000cc08, Max: 0x00080000, ABSOLUTE)

    Exec Addr    Load Addr    Size         Type   Attr      Idx    E Section Name        Object

    0x08000000   0x08000000   0x00000130   Data   RO            3    RESET               startup_stm32f10x_hd.o
    0x08000130   0x08000130   0x00000000   Code   RO         4810  * .ARM.Collect$$$$00000000  mc_w.l(entry.o)
    0x08000130   0x08000130   0x00000004   Code   RO         5102    .ARM.Collect$$$$00000001  mc_w.l(entry2.o)
    0x08000134   0x08000134   0x00000004   Code   RO         5105    .ARM.Collect$$$$00000004  mc_w.l(entry5.o)
    0x08000138   0x08000138   0x00000000   Code   RO         5107    .ARM.Collect$$$$00000008  mc_w.l(entry7b.o)
    0x08000138   0x08000138   0x00000000   Code   RO         5109    .ARM.Collect$$$$0000000A  mc_w.l(entry8b.o)
    0x08000138   0x08000138   0x00000008   Code   RO         5110    .ARM.Collect$$$$0000000B  mc_w.l(entry9a.o)
    0x08000140   0x08000140   0x00000000   Code   RO         5112    .ARM.Collect$$$$0000000D  mc_w.l(entry10a.o)
    0x08000140   0x08000140   0x00000000   Code   RO         5114    .ARM.Collect$$$$0000000F  mc_w.l(entry11a.o)
    0x08000140   0x08000140   0x00000004   Code   RO         5103    .ARM.Collect$$$$00002712  mc_w.l(entry2.o)
    0x08000144   0x08000144   0x00000024   Code   RO            4    .text               startup_stm32f10x_hd.o
    0x08000168   0x08000168   0x00000024   Code   RO         4813    .text               mc_w.l(memcpya.o)
    0x0800018c   0x0800018c   0x00000024   Code   RO         4815    .text               mc_w.l(memseta.o)
    0x080001b0   0x080001b0   0x00000024   Code   RO         4817    .text               mc_w.l(strstr.o)
    0x080001d4   0x080001d4   0x0000000e   Code   RO         4819    .text               mc_w.l(strlen.o)
    0x080001e2   0x080001e2   0x000000b0   Code   RO         5084    .text               mf_w.l(fadd.o)
    0x08000292   0x08000292   0x0000014e   Code   RO         5086    .text               mf_w.l(dadd.o)
    0x080003e0   0x080003e0   0x000000e4   Code   RO         5088    .text               mf_w.l(dmul.o)
    0x080004c4   0x080004c4   0x000000de   Code   RO         5090    .text               mf_w.l(ddiv.o)
    0x080005a2   0x080005a2   0x0000000a   Code   RO         5092    .text               mf_w.l(ffltui.o)
    0x080005ac   0x080005ac   0x00000022   Code   RO         5094    .text               mf_w.l(dflti.o)
    0x080005ce   0x080005ce   0x00000026   Code   RO         5096    .text               mf_w.l(f2d.o)
    0x080005f4   0x080005f4   0x00000038   Code   RO         5098    .text               mf_w.l(d2f.o)
    0x0800062c   0x0800062c   0x00000014   Code   RO         5100    .text               mf_w.l(cfcmple.o)
    0x08000640   0x08000640   0x0000002c   Code   RO         5117    .text               mc_w.l(uidiv.o)
    0x0800066c   0x0800066c   0x00000062   Code   RO         5119    .text               mc_w.l(uldiv.o)
    0x080006ce   0x080006ce   0x0000001e   Code   RO         5121    .text               mc_w.l(llshl.o)
    0x080006ec   0x080006ec   0x00000024   Code   RO         5123    .text               mc_w.l(llsshr.o)
    0x08000710   0x08000710   0x00000000   Code   RO         5125    .text               mc_w.l(iusefp.o)
    0x08000710   0x08000710   0x0000006e   Code   RO         5126    .text               mf_w.l(fepilogue.o)
    0x0800077e   0x0800077e   0x000000ba   Code   RO         5128    .text               mf_w.l(depilogue.o)
    0x08000838   0x08000838   0x00000030   Code   RO         5130    .text               mf_w.l(dfixul.o)
    0x08000868   0x08000868   0x00000030   Code   RO         5132    .text               mf_w.l(cdrcmple.o)
    0x08000898   0x08000898   0x00000024   Code   RO         5134    .text               mc_w.l(init.o)
    0x080008bc   0x080008bc   0x00000020   Code   RO         5136    .text               mc_w.l(llushr.o)
    0x080008dc   0x080008dc   0x00000056   Code   RO         5146    .text               mc_w.l(__dczerorl2.o)
    0x08000932   0x08000932   0x00000016   Code   RO          183    i.ADC_Cmd           stm32f10x_adc.o
    0x08000948   0x08000948   0x00000014   Code   RO          191    i.ADC_GetCalibrationStatus  stm32f10x_adc.o
    0x0800095c   0x0800095c   0x00000008   Code   RO          192    i.ADC_GetConversionValue  stm32f10x_adc.o
    0x08000964   0x08000964   0x00000014   Code   RO          197    i.ADC_GetResetCalibrationStatus  stm32f10x_adc.o
    0x08000978   0x08000978   0x0000008c   Code   RO         3108    i.ADC_INIT          main.o
    0x08000a04   0x08000a04   0x00000050   Code   RO          201    i.ADC_Init          stm32f10x_adc.o
    0x08000a54   0x08000a54   0x000000b8   Code   RO          205    i.ADC_RegularChannelConfig  stm32f10x_adc.o
    0x08000b0c   0x08000b0c   0x0000000a   Code   RO          206    i.ADC_ResetCalibration  stm32f10x_adc.o
    0x08000b16   0x08000b16   0x00000016   Code   RO          208    i.ADC_SoftwareStartConvCmd  stm32f10x_adc.o
    0x08000b2c   0x08000b2c   0x0000000a   Code   RO          210    i.ADC_StartCalibration  stm32f10x_adc.o
    0x08000b36   0x08000b36   0x00000004   Code   RO         3266    i.BusFault_Handler  stm32f10x_it.o
    0x08000b3a   0x08000b3a   0x0000002c   Code   RO         4005    i.CmdError          bsp_sdio_sdcard.o
    0x08000b66   0x08000b66   0x00000002   PAD
    0x08000b68   0x08000b68   0x00000028   Code   RO         4006    i.CmdResp1Error     bsp_sdio_sdcard.o
    0x08000b90   0x08000b90   0x0000004c   Code   RO         4007    i.CmdResp2Error     bsp_sdio_sdcard.o
    0x08000bdc   0x08000bdc   0x00000038   Code   RO         4008    i.CmdResp3Error     bsp_sdio_sdcard.o
    0x08000c14   0x08000c14   0x0000009c   Code   RO         4009    i.CmdResp6Error     bsp_sdio_sdcard.o
    0x08000cb0   0x08000cb0   0x0000004c   Code   RO         4010    i.CmdResp7Error     bsp_sdio_sdcard.o
    0x08000cfc   0x08000cfc   0x00000036   Code   RO         3816    i.Cmd_Write_BH1750  bh1750.o
    0x08000d32   0x08000d32   0x00000002   PAD
    0x08000d34   0x08000d34   0x00000058   Code   RO         3817    i.Convert_BH1750    bh1750.o
    0x08000d8c   0x08000d8c   0x00000034   Code   RO         3928    i.DHT11_GPIO_Config  bsp_dht11.o
    0x08000dc0   0x08000dc0   0x0000001c   Code   RO         3929    i.DHT11_Mode_IPU    bsp_dht11.o
    0x08000ddc   0x08000ddc   0x00000024   Code   RO         3930    i.DHT11_Mode_Out_PP  bsp_dht11.o
    0x08000e00   0x08000e00   0x0000001c   Code   RO          866    i.DMA_ClearFlag     stm32f10x_dma.o
    0x08000e1c   0x08000e1c   0x00000018   Code   RO          868    i.DMA_Cmd           stm32f10x_dma.o
    0x08000e34   0x08000e34   0x0000002c   Code   RO          871    i.DMA_GetFlagStatus  stm32f10x_dma.o
    0x08000e60   0x08000e60   0x0000003c   Code   RO          874    i.DMA_Init          stm32f10x_dma.o
    0x08000e9c   0x08000e9c   0x00000002   Code   RO         3267    i.DebugMon_Handler  stm32f10x_it.o
    0x08000e9e   0x08000e9e   0x00000002   PAD
    0x08000ea0   0x08000ea0   0x00000030   Code   RO         3109    i.Drive_Pump        main.o
    0x08000ed0   0x08000ed0   0x00000048   Code   RO         4249    i.ESP8266_AT_Test   bsp_esp8266.o
    0x08000f18   0x08000f18   0x000000bc   Code   RO         4251    i.ESP8266_Cmd       bsp_esp8266.o
    0x08000fd4   0x08000fd4   0x00000040   Code   RO         4252    i.ESP8266_Enable_MultipleId  bsp_esp8266.o
    0x08001014   0x08001014   0x00000028   Code   RO         4253    i.ESP8266_ExitUnvarnishSend  bsp_esp8266.o
    0x0800103c   0x0800103c   0x00000044   Code   RO         4254    i.ESP8266_GPIO_Config  bsp_esp8266.o
    0x08001080   0x08001080   0x00000098   Code   RO         4256    i.ESP8266_Get_LinkStatus  bsp_esp8266.o
    0x08001118   0x08001118   0x00000024   Code   RO         4257    i.ESP8266_Init      bsp_esp8266.o
    0x0800113c   0x0800113c   0x00000040   Code   RO         4259    i.ESP8266_JoinAP    bsp_esp8266.o
    0x0800117c   0x0800117c   0x000000c0   Code   RO         4260    i.ESP8266_Link_Server  bsp_esp8266.o
    0x0800123c   0x0800123c   0x00000078   Code   RO         4262    i.ESP8266_Net_Mode_Choose  bsp_esp8266.o
    0x080012b4   0x080012b4   0x000000d8   Code   RO         4264    i.ESP8266_Reconnect  bsp_esp8266.o
    0x0800138c   0x0800138c   0x00000024   Code   RO         4265    i.ESP8266_Rst       bsp_esp8266.o
    0x080013b0   0x080013b0   0x000000a0   Code   RO         4266    i.ESP8266_SendString  bsp_esp8266.o
    0x08001450   0x08001450   0x00000150   Code   RO         4267    i.ESP8266_SetupConnection  bsp_esp8266.o
    0x080015a0   0x080015a0   0x0000009c   Code   RO         4269    i.ESP8266_USART_Config  bsp_esp8266.o
    0x0800163c   0x0800163c   0x00000028   Code   RO         4270    i.ESP8266_USART_NVIC_Configuration  bsp_esp8266.o
    0x08001664   0x08001664   0x00000054   Code   RO         4271    i.ESP8266_UnvarnishSend  bsp_esp8266.o
    0x080016b8   0x080016b8   0x00000028   Code   RO         3268    i.EXTI0_IRQHandler  stm32f10x_it.o
    0x080016e0   0x080016e0   0x0000005c   Code   RO         3269    i.EXTI3_IRQHandler  stm32f10x_it.o
    0x0800173c   0x0800173c   0x0000004c   Code   RO         3110    i.EXTI_CONFIG       main.o
    0x08001788   0x08001788   0x0000000c   Code   RO          939    i.EXTI_ClearITPendingBit  stm32f10x_exti.o
    0x08001794   0x08001794   0x00000010   Code   RO          941    i.EXTI_GenerateSWInterrupt  stm32f10x_exti.o
    0x080017a4   0x080017a4   0x00000028   Code   RO          943    i.EXTI_GetITStatus  stm32f10x_exti.o
    0x080017cc   0x080017cc   0x00000094   Code   RO          944    i.EXTI_Init         stm32f10x_exti.o
    0x08001860   0x08001860   0x000000b4   Code   RO         3360    i.FIFO_GPIO_Config  bsp_ov7725.o
    0x08001914   0x08001914   0x00000034   Code   RO         1177    i.FSMC_NORSRAMCmd   stm32f10x_fsmc.o
    0x08001948   0x08001948   0x000000e6   Code   RO         1179    i.FSMC_NORSRAMInit  stm32f10x_fsmc.o
    0x08001a2e   0x08001a2e   0x00000002   PAD
    0x08001a30   0x08001a30   0x00000024   Code   RO         3111    i.Fetch_BH1750      main.o
    0x08001a54   0x08001a54   0x0000002c   Code   RO         3112    i.Fetch_DHT11       main.o
    0x08001a80   0x08001a80   0x000000a0   Code   RO         3113    i.Fetch_Moisture    main.o
    0x08001b20   0x08001b20   0x0000019c   Code   RO         4011    i.FindSCR           bsp_sdio_sdcard.o
    0x08001cbc   0x08001cbc   0x00000050   Code   RO         4012    i.GPIO_Configuration  bsp_sdio_sdcard.o
    0x08001d0c   0x08001d0c   0x00000040   Code   RO         1289    i.GPIO_EXTILineConfig  stm32f10x_gpio.o
    0x08001d4c   0x08001d4c   0x00000116   Code   RO         1292    i.GPIO_Init         stm32f10x_gpio.o
    0x08001e62   0x08001e62   0x00000012   Code   RO         1296    i.GPIO_ReadInputDataBit  stm32f10x_gpio.o
    0x08001e74   0x08001e74   0x00000004   Code   RO         1299    i.GPIO_ResetBits    stm32f10x_gpio.o
    0x08001e78   0x08001e78   0x00000004   Code   RO         1300    i.GPIO_SetBits      stm32f10x_gpio.o
    0x08001e7c   0x08001e7c   0x00000004   Code   RO         3270    i.HardFault_Handler  stm32f10x_it.o
    0x08001e80   0x08001e80   0x00000024   Code   RO         3506    i.ILI9341_BackLed_Control  bsp_ili9341_lcd.o
    0x08001ea4   0x08001ea4   0x0000002c   Code   RO         3507    i.ILI9341_Clear     bsp_ili9341_lcd.o
    0x08001ed0   0x08001ed0   0x00000012   Code   RO         3508    i.ILI9341_Delay     bsp_ili9341_lcd.o
    0x08001ee2   0x08001ee2   0x00000002   PAD
    0x08001ee4   0x08001ee4   0x00000098   Code   RO         3509    i.ILI9341_DispChar_EN  bsp_ili9341_lcd.o
    0x08001f7c   0x08001f7c   0x00000068   Code   RO         3510    i.ILI9341_DispStringLine_EN  bsp_ili9341_lcd.o
    0x08001fe4   0x08001fe4   0x0000005e   Code   RO         3516    i.ILI9341_FSMC_Config  bsp_ili9341_lcd.o
    0x08002042   0x08002042   0x00000020   Code   RO         3517    i.ILI9341_FillColor  bsp_ili9341_lcd.o
    0x08002062   0x08002062   0x00000002   PAD
    0x08002064   0x08002064   0x00000198   Code   RO         3518    i.ILI9341_GPIO_Config  bsp_ili9341_lcd.o
    0x080021fc   0x080021fc   0x00000018   Code   RO         3519    i.ILI9341_GetPointPixel  bsp_ili9341_lcd.o
    0x08002214   0x08002214   0x000000b8   Code   RO         3520    i.ILI9341_GramScan  bsp_ili9341_lcd.o
    0x080022cc   0x080022cc   0x00000028   Code   RO         3521    i.ILI9341_Init      bsp_ili9341_lcd.o
    0x080022f4   0x080022f4   0x00000058   Code   RO         3522    i.ILI9341_OpenWindow  bsp_ili9341_lcd.o
    0x0800234c   0x0800234c   0x00000230   Code   RO         3523    i.ILI9341_REG_Config  bsp_ili9341_lcd.o
    0x0800257c   0x0800257c   0x0000000c   Code   RO         3524    i.ILI9341_Read_Data  bsp_ili9341_lcd.o
    0x08002588   0x08002588   0x00000036   Code   RO         3525    i.ILI9341_Read_PixelData  bsp_ili9341_lcd.o
    0x080025be   0x080025be   0x00000002   PAD
    0x080025c0   0x080025c0   0x00000028   Code   RO         3526    i.ILI9341_Rst       bsp_ili9341_lcd.o
    0x080025e8   0x080025e8   0x00000014   Code   RO         3527    i.ILI9341_SetCursor  bsp_ili9341_lcd.o
    0x080025fc   0x080025fc   0x00000008   Code   RO         3529    i.ILI9341_Write_Cmd  bsp_ili9341_lcd.o
    0x08002604   0x08002604   0x0000000c   Code   RO         3530    i.ILI9341_Write_Data  bsp_ili9341_lcd.o
    0x08002610   0x08002610   0x00000098   Code   RO         3361    i.ImagDisp          bsp_ov7725.o
    0x080026a8   0x080026a8   0x00000008   Code   RO         3818    i.Init_BH1750       bh1750.o
    0x080026b0   0x080026b0   0x00000054   Code   RO         3752    i.Key_GPIO_Config   bsp_key.o
    0x08002704   0x08002704   0x00000060   Code   RO         3753    i.Key_Scan          bsp_key.o
    0x08002764   0x08002764   0x0000000c   Code   RO         3533    i.LCD_GetFont       bsp_ili9341_lcd.o
    0x08002770   0x08002770   0x00000014   Code   RO         3535    i.LCD_SetColors     bsp_ili9341_lcd.o
    0x08002784   0x08002784   0x0000000c   Code   RO         3536    i.LCD_SetFont       bsp_ili9341_lcd.o
    0x08002790   0x08002790   0x00000060   Code   RO         3716    i.LED_GPIO_Config   bsp_led.o
    0x080027f0   0x080027f0   0x00000004   Code   RO         3271    i.MemManage_Handler  stm32f10x_it.o
    0x080027f4   0x080027f4   0x00000002   Code   RO         3272    i.NMI_Handler       stm32f10x_it.o
    0x080027f6   0x080027f6   0x00000028   Code   RO         4014    i.NVIC_Configuration  bsp_sdio_sdcard.o
    0x0800281e   0x0800281e   0x00000002   PAD
    0x08002820   0x08002820   0x00000070   Code   RO          137    i.NVIC_Init         misc.o
    0x08002890   0x08002890   0x00000014   Code   RO          138    i.NVIC_PriorityGroupConfig  misc.o
    0x080028a4   0x080028a4   0x00000068   Code   RO         3362    i.OV7725_Brightness  bsp_ov7725.o
    0x0800290c   0x0800290c   0x0000002e   Code   RO         3363    i.OV7725_Color_Saturation  bsp_ov7725.o
    0x0800293a   0x0800293a   0x00000028   Code   RO         3364    i.OV7725_Contrast   bsp_ov7725.o
    0x08002962   0x08002962   0x00000010   Code   RO         3365    i.OV7725_GPIO_Config  bsp_ov7725.o
    0x08002972   0x08002972   0x00000002   PAD
    0x08002974   0x08002974   0x00000068   Code   RO         3366    i.OV7725_Init       bsp_ov7725.o
    0x080029dc   0x080029dc   0x0000011a   Code   RO         3367    i.OV7725_Light_Mode  bsp_ov7725.o
    0x08002af6   0x08002af6   0x000000c4   Code   RO         3368    i.OV7725_Special_Effect  bsp_ov7725.o
    0x08002bba   0x08002bba   0x000000e8   Code   RO         3369    i.OV7725_Window_Set  bsp_ov7725.o
    0x08002ca2   0x08002ca2   0x00000002   Code   RO         3273    i.PendSV_Handler    stm32f10x_it.o
    0x08002ca4   0x08002ca4   0x00000038   Code   RO         3114    i.Pump_GPIO_INIT    main.o
    0x08002cdc   0x08002cdc   0x00000020   Code   RO         1707    i.RCC_AHBPeriphClockCmd  stm32f10x_rcc.o
    0x08002cfc   0x08002cfc   0x00000020   Code   RO         1708    i.RCC_APB1PeriphClockCmd  stm32f10x_rcc.o
    0x08002d1c   0x08002d1c   0x00000020   Code   RO         1710    i.RCC_APB2PeriphClockCmd  stm32f10x_rcc.o
    0x08002d3c   0x08002d3c   0x000000d4   Code   RO         1718    i.RCC_GetClocksFreq  stm32f10x_rcc.o
    0x08002e10   0x08002e10   0x0000003c   Code   RO         3819    i.Read_BH1750       bh1750.o
    0x08002e4c   0x08002e4c   0x00000060   Code   RO         3931    i.Read_Byte         bsp_dht11.o
    0x08002eac   0x08002eac   0x000000ec   Code   RO         3932    i.Read_DHT11        bsp_dht11.o
    0x08002f98   0x08002f98   0x00000038   Code   RO         3442    i.SCCB_Ack          bsp_sccb.o
    0x08002fd0   0x08002fd0   0x00000040   Code   RO         3443    i.SCCB_GPIO_Config  bsp_sccb.o
    0x08003010   0x08003010   0x00000038   Code   RO         3444    i.SCCB_NoAck        bsp_sccb.o
    0x08003048   0x08003048   0x0000007a   Code   RO         3445    i.SCCB_ReadByte     bsp_sccb.o
    0x080030c2   0x080030c2   0x00000002   PAD
    0x080030c4   0x080030c4   0x00000054   Code   RO         3446    i.SCCB_ReceiveByte  bsp_sccb.o
    0x08003118   0x08003118   0x00000058   Code   RO         3447    i.SCCB_SendByte     bsp_sccb.o
    0x08003170   0x08003170   0x00000054   Code   RO         3448    i.SCCB_Start        bsp_sccb.o
    0x080031c4   0x080031c4   0x00000038   Code   RO         3449    i.SCCB_Stop         bsp_sccb.o
    0x080031fc   0x080031fc   0x0000004c   Code   RO         3450    i.SCCB_WaitAck      bsp_sccb.o
    0x08003248   0x08003248   0x00000040   Code   RO         3451    i.SCCB_WriteByte    bsp_sccb.o
    0x08003288   0x08003288   0x00000010   Code   RO         3452    i.SCCB_delay        bsp_sccb.o
    0x08003298   0x08003298   0x0000011c   Code   RO         4015    i.SDEnWideBus       bsp_sdio_sdcard.o
    0x080033b4   0x080033b4   0x0000000c   Code   RO         1997    i.SDIO_ClearFlag    stm32f10x_sdio.o
    0x080033c0   0x080033c0   0x0000000c   Code   RO         1998    i.SDIO_ClearITPendingBit  stm32f10x_sdio.o
    0x080033cc   0x080033cc   0x0000000c   Code   RO         1999    i.SDIO_ClockCmd     stm32f10x_sdio.o
    0x080033d8   0x080033d8   0x0000000c   Code   RO         2002    i.SDIO_DMACmd       stm32f10x_sdio.o
    0x080033e4   0x080033e4   0x00000030   Code   RO         2003    i.SDIO_DataConfig   stm32f10x_sdio.o
    0x08003414   0x08003414   0x00000024   Code   RO         2005    i.SDIO_DeInit       stm32f10x_sdio.o
    0x08003438   0x08003438   0x0000000c   Code   RO         2006    i.SDIO_GetCommandResponse  stm32f10x_sdio.o
    0x08003444   0x08003444   0x00000018   Code   RO         2009    i.SDIO_GetFlagStatus  stm32f10x_sdio.o
    0x0800345c   0x0800345c   0x00000010   Code   RO         2011    i.SDIO_GetPowerState  stm32f10x_sdio.o
    0x0800346c   0x0800346c   0x00000018   Code   RO         2012    i.SDIO_GetResponse  stm32f10x_sdio.o
    0x08003484   0x08003484   0x00000008   Code   RO         3274    i.SDIO_IRQHandler   stm32f10x_it.o
    0x0800348c   0x0800348c   0x00000020   Code   RO         2013    i.SDIO_ITConfig     stm32f10x_sdio.o
    0x080034ac   0x080034ac   0x00000030   Code   RO         2014    i.SDIO_Init         stm32f10x_sdio.o
    0x080034dc   0x080034dc   0x0000000c   Code   RO         2015    i.SDIO_ReadData     stm32f10x_sdio.o
    0x080034e8   0x080034e8   0x0000002c   Code   RO         2017    i.SDIO_SendCommand  stm32f10x_sdio.o
    0x08003514   0x08003514   0x0000001c   Code   RO         2019    i.SDIO_SetPowerState  stm32f10x_sdio.o
    0x08003530   0x08003530   0x00000010   Code   RO         4016    i.SD_DMAEndOfTransferStatus  bsp_sdio_sdcard.o
    0x08003540   0x08003540   0x00000064   Code   RO         4017    i.SD_DMA_RxConfig   bsp_sdio_sdcard.o
    0x080035a4   0x080035a4   0x00000064   Code   RO         4018    i.SD_DMA_TxConfig   bsp_sdio_sdcard.o
    0x08003608   0x08003608   0x00000094   Code   RO         4020    i.SD_EnableWideBusOperation  bsp_sdio_sdcard.o
    0x0800369c   0x0800369c   0x000002cc   Code   RO         4022    i.SD_GetCardInfo    bsp_sdio_sdcard.o
    0x08003968   0x08003968   0x0000001a   Code   RO         4024    i.SD_GetState       bsp_sdio_sdcard.o
    0x08003982   0x08003982   0x0000001e   Code   RO         4025    i.SD_GetStatus      bsp_sdio_sdcard.o
    0x080039a0   0x080039a0   0x00000074   Code   RO         4027    i.SD_Init           bsp_sdio_sdcard.o
    0x08003a14   0x08003a14   0x0000013c   Code   RO         4028    i.SD_InitializeCards  bsp_sdio_sdcard.o
    0x08003b50   0x08003b50   0x00000188   Code   RO         4030    i.SD_PowerON        bsp_sdio_sdcard.o
    0x08003cd8   0x08003cd8   0x00000058   Code   RO         4031    i.SD_ProcessIRQSrc  bsp_sdio_sdcard.o
    0x08003d30   0x08003d30   0x000000e8   Code   RO         4033    i.SD_ReadMultiBlocks  bsp_sdio_sdcard.o
    0x08003e18   0x08003e18   0x00000034   Code   RO         4034    i.SD_SelectDeselect  bsp_sdio_sdcard.o
    0x08003e4c   0x08003e4c   0x00000038   Code   RO         4036    i.SD_SendStatus     bsp_sdio_sdcard.o
    0x08003e84   0x08003e84   0x00000034   Code   RO         4038    i.SD_WaitReadOperation  bsp_sdio_sdcard.o
    0x08003eb8   0x08003eb8   0x0000003c   Code   RO         4039    i.SD_WaitWriteOperation  bsp_sdio_sdcard.o
    0x08003ef4   0x08003ef4   0x00000148   Code   RO         4041    i.SD_WriteMultiBlocks  bsp_sdio_sdcard.o
    0x0800403c   0x0800403c   0x00000002   Code   RO         3275    i.SVC_Handler       stm32f10x_it.o
    0x0800403e   0x0800403e   0x00000002   PAD
    0x08004040   0x08004040   0x0000022c   Code   RO         3115    i.Save_Data         main.o
    0x0800426c   0x0800426c   0x00000104   Code   RO         3116    i.Save_Photo        main.o
    0x08004370   0x08004370   0x000001c4   Code   RO         3962    i.Screen_Shot       bsp_bmp.o
    0x08004534   0x08004534   0x0000012c   Code   RO         3117    i.Send_Photo        main.o
    0x08004660   0x08004660   0x00000008   Code   RO           24    i.SetSysClock       system_stm32f10x.o
    0x08004668   0x08004668   0x000000e0   Code   RO           25    i.SetSysClockTo72   system_stm32f10x.o
    0x08004748   0x08004748   0x00000016   Code   RO         3820    i.Start_BH1750      bh1750.o
    0x0800475e   0x0800475e   0x00000002   PAD
    0x08004760   0x08004760   0x0000009c   Code   RO         3276    i.SysTick_Handler   stm32f10x_it.o
    0x080047fc   0x080047fc   0x0000007c   Code   RO         3773    i.SysTick_Init      bsp_systick.o
    0x08004878   0x08004878   0x00000060   Code   RO           27    i.SystemInit        system_stm32f10x.o
    0x080048d8   0x080048d8   0x00000010   Code   RO         3774    i.TimeStamp_Increment  bsp_systick.o
    0x080048e8   0x080048e8   0x00000018   Code   RO         3775    i.TimingDelay_Decrement  bsp_systick.o
    0x08004900   0x08004900   0x000000a0   Code   RO         3277    i.USART3_IRQHandler  stm32f10x_it.o
    0x080049a0   0x080049a0   0x00000018   Code   RO         2878    i.USART_Cmd         stm32f10x_usart.o
    0x080049b8   0x080049b8   0x00000080   Code   RO         3728    i.USART_Config      bsp_usart.o
    0x08004a38   0x08004a38   0x0000001a   Code   RO         2881    i.USART_GetFlagStatus  stm32f10x_usart.o
    0x08004a52   0x08004a52   0x00000054   Code   RO         2882    i.USART_GetITStatus  stm32f10x_usart.o
    0x08004aa6   0x08004aa6   0x0000004a   Code   RO         2884    i.USART_ITConfig    stm32f10x_usart.o
    0x08004af0   0x08004af0   0x000000d8   Code   RO         2885    i.USART_Init        stm32f10x_usart.o
    0x08004bc8   0x08004bc8   0x0000000a   Code   RO         2892    i.USART_ReceiveData  stm32f10x_usart.o
    0x08004bd2   0x08004bd2   0x00000008   Code   RO         2895    i.USART_SendData    stm32f10x_usart.o
    0x08004bda   0x08004bda   0x00000106   Code   RO         4229    i.USART_printf      common.o
    0x08004ce0   0x08004ce0   0x00000004   Code   RO         3278    i.UsageFault_Handler  stm32f10x_it.o
    0x08004ce4   0x08004ce4   0x0000007c   Code   RO         3371    i.VSYNC_GPIO_Config  bsp_ov7725.o
    0x08004d60   0x08004d60   0x00000020   Code   RO         5056    i.__0printf         mc_w.l(printfa.o)
    0x08004d80   0x08004d80   0x00000028   Code   RO         5058    i.__0sprintf        mc_w.l(printfa.o)
    0x08004da8   0x08004da8   0x0000000e   Code   RO         5140    i.__scatterload_copy  mc_w.l(handlers.o)
    0x08004db6   0x08004db6   0x00000002   Code   RO         5141    i.__scatterload_null  mc_w.l(handlers.o)
    0x08004db8   0x08004db8   0x0000000e   Code   RO         5142    i.__scatterload_zeroinit  mc_w.l(handlers.o)
    0x08004dc6   0x08004dc6   0x00000002   PAD
    0x08004dc8   0x08004dc8   0x00000184   Code   RO         5063    i._fp_digits        mc_w.l(printfa.o)
    0x08004f4c   0x08004f4c   0x000006dc   Code   RO         5064    i._printf_core      mc_w.l(printfa.o)
    0x08005628   0x08005628   0x00000024   Code   RO         5065    i._printf_post_padding  mc_w.l(printfa.o)
    0x0800564c   0x0800564c   0x0000002e   Code   RO         5066    i._printf_pre_padding  mc_w.l(printfa.o)
    0x0800567a   0x0800567a   0x0000000a   Code   RO         5068    i._sputc            mc_w.l(printfa.o)
    0x08005684   0x08005684   0x000000e0   Code   RO         3118    i.base64_encode     main.o
    0x08005764   0x08005764   0x00000090   Code   RO         4446    i.check_fs          ff.o
    0x080057f4   0x080057f4   0x00000014   Code   RO         4447    i.chk_chr           ff.o
    0x08005808   0x08005808   0x0000001a   Code   RO         4448    i.clust2sect        ff.o
    0x08005822   0x08005822   0x00000002   PAD
    0x08005824   0x08005824   0x000000a0   Code   RO         4449    i.cmp_lfn           ff.o
    0x080058c4   0x080058c4   0x000000d6   Code   RO         4450    i.create_chain      ff.o
    0x0800599a   0x0800599a   0x00000002   PAD
    0x0800599c   0x0800599c   0x00000230   Code   RO         4451    i.create_name       ff.o
    0x08005bcc   0x08005bcc   0x0000005c   Code   RO         4452    i.dir_alloc         ff.o
    0x08005c28   0x08005c28   0x000000ea   Code   RO         4453    i.dir_find          ff.o
    0x08005d12   0x08005d12   0x0000013a   Code   RO         4454    i.dir_next          ff.o
    0x08005e4c   0x08005e4c   0x0000012a   Code   RO         4456    i.dir_register      ff.o
    0x08005f76   0x08005f76   0x000000c8   Code   RO         4458    i.dir_sdi           ff.o
    0x0800603e   0x0800603e   0x0000002a   Code   RO         4397    i.disk_initialize   diskio.o
    0x08006068   0x08006068   0x00000054   Code   RO         4398    i.disk_ioctl        diskio.o
    0x080060bc   0x080060bc   0x000000ae   Code   RO         4399    i.disk_read         diskio.o
    0x0800616a   0x0800616a   0x0000001c   Code   RO         4400    i.disk_status       diskio.o
    0x08006186   0x08006186   0x000000b4   Code   RO         4401    i.disk_write        diskio.o
    0x0800623a   0x0800623a   0x00000020   Code   RO         4460    i.f_close           ff.o
    0x0800625a   0x0800625a   0x00000002   PAD
    0x0800625c   0x0800625c   0x00000684   Code   RO         4466    i.f_mkfs            ff.o
    0x080068e0   0x080068e0   0x0000005c   Code   RO         4467    i.f_mount           ff.o
    0x0800693c   0x0800693c   0x0000017e   Code   RO         4468    i.f_open            ff.o
    0x08006aba   0x08006aba   0x000000b0   Code   RO         4477    i.f_sync            ff.o
    0x08006b6a   0x08006b6a   0x0000020c   Code   RO         4481    i.f_write           ff.o
    0x08006d76   0x08006d76   0x00000002   PAD
    0x08006d78   0x08006d78   0x0000004c   Code   RO         4775    i.ff_convert        ccsbcs.o
    0x08006dc4   0x08006dc4   0x0000005c   Code   RO         4776    i.ff_wtoupper       ccsbcs.o
    0x08006e20   0x08006e20   0x000003d8   Code   RO         4482    i.find_volume       ff.o
    0x080071f8   0x080071f8   0x00000080   Code   RO         4483    i.fit_lfn           ff.o
    0x08007278   0x08007278   0x00000090   Code   RO         4484    i.follow_path       ff.o
    0x08007308   0x08007308   0x00000024   Code   RO         3730    i.fputc             bsp_usart.o
    0x0800732c   0x0800732c   0x000000b4   Code   RO         4485    i.gen_numname       ff.o
    0x080073e0   0x080073e0   0x0000013e   Code   RO         4486    i.get_fat           ff.o
    0x0800751e   0x0800751e   0x00000002   PAD
    0x08007520   0x08007520   0x00000008   Code   RO         4402    i.get_fattime       diskio.o
    0x08007528   0x08007528   0x0000004a   Code   RO         4488    i.get_ldnumber      ff.o
    0x08007572   0x08007572   0x00000002   PAD
    0x08007574   0x08007574   0x00000030   Code   RO         3864    i.i2c_Ack           bsp_i2c_gpio.o
    0x080075a4   0x080075a4   0x0000000e   Code   RO         3867    i.i2c_Delay         bsp_i2c_gpio.o
    0x080075b2   0x080075b2   0x00000002   PAD
    0x080075b4   0x080075b4   0x00000028   Code   RO         3868    i.i2c_NAck          bsp_i2c_gpio.o
    0x080075dc   0x080075dc   0x00000050   Code   RO         3869    i.i2c_ReadByte      bsp_i2c_gpio.o
    0x0800762c   0x0800762c   0x00000054   Code   RO         3870    i.i2c_SendByte      bsp_i2c_gpio.o
    0x08007680   0x08007680   0x00000030   Code   RO         3871    i.i2c_Start         bsp_i2c_gpio.o
    0x080076b0   0x080076b0   0x00000020   Code   RO         3872    i.i2c_Stop          bsp_i2c_gpio.o
    0x080076d0   0x080076d0   0x0000003c   Code   RO         3873    i.i2c_WaitAck       bsp_i2c_gpio.o
    0x0800770c   0x0800770c   0x00000030   Code   RO         3821    i.i2c_config        bh1750.o
    0x0800773c   0x0800773c   0x00000062   Code   RO         4230    i.itoa              common.o
    0x0800779e   0x0800779e   0x00000020   Code   RO         4489    i.ld_clust          ff.o
    0x080077be   0x080077be   0x00000002   PAD
    0x080077c0   0x080077c0   0x00000a58   Code   RO         3119    i.main              main.o
    0x08008218   0x08008218   0x00000024   Code   RO         3777    i.mdelay            bsp_systick.o
    0x0800823c   0x0800823c   0x00000026   Code   RO         4490    i.mem_cmp           ff.o
    0x08008262   0x08008262   0x0000001a   Code   RO         4491    i.mem_cpy           ff.o
    0x0800827c   0x0800827c   0x00000014   Code   RO         4492    i.mem_set           ff.o
    0x08008290   0x08008290   0x00000034   Code   RO         4493    i.move_window       ff.o
    0x080082c4   0x080082c4   0x00000188   Code   RO         4495    i.put_fat           ff.o
    0x0800844c   0x0800844c   0x0000006c   Code   RO         4497    i.remove_chain      ff.o
    0x080084b8   0x080084b8   0x00000010   Code   RO         4498    i.st_clust          ff.o
    0x080084c8   0x080084c8   0x00000020   Code   RO         4499    i.sum_sfn           ff.o
    0x080084e8   0x080084e8   0x000000c8   Code   RO         4500    i.sync_fs           ff.o
    0x080085b0   0x080085b0   0x00000052   Code   RO         4501    i.sync_window       ff.o
    0x08008602   0x08008602   0x00000032   Code   RO         4502    i.validate          ff.o
    0x08008634   0x08008634   0x00003b60   Data   RO         3703    .constdata          fonts.o
    0x0800c194   0x0800c194   0x000000ba   Data   RO         4503    .constdata          ff.o
    0x0800c24e   0x0800c24e   0x000008b8   Data   RO         4777    .constdata          ccsbcs.o
    0x0800cb06   0x0800cb06   0x00000002   PAD
    0x0800cb08   0x0800cb08   0x000000dd   Data   RO         3121    .conststring        main.o
    0x0800cbe5   0x0800cbe5   0x00000003   PAD
    0x0800cbe8   0x0800cbe8   0x00000020   Data   RO         5138    Region$$Table       anon$$obj.o


    Execution Region RW_IRAM1 (Exec base: 0x20000000, Load base: 0x0800cc08, Size: 0x000064a8, Max: 0x00010000, ABSOLUTE, COMPRESSED[0x000000ec])

    Exec Addr    Load Addr    Size         Type   Attr      Idx    E Section Name        Object

    0x20000000   COMPRESSED   0x00000014   Data   RW           28    .data               system_stm32f10x.o
    0x20000014   COMPRESSED   0x00000014   Data   RW         1738    .data               stm32f10x_rcc.o
    0x20000028   COMPRESSED   0x0000001e   Data   RW         3122    .data               main.o
    0x20000046   COMPRESSED   0x00000002   PAD
    0x20000048   COMPRESSED   0x00000010   Data   RW         3279    .data               stm32f10x_it.o
    0x20000058   COMPRESSED   0x000000b0   Data   RW         3372    .data               bsp_ov7725.o
    0x20000108   COMPRESSED   0x00000010   Data   RW         3538    .data               bsp_ili9341_lcd.o
    0x20000118   COMPRESSED   0x00000018   Data   RW         3704    .data               fonts.o
    0x20000130   COMPRESSED   0x00000001   Data   RW         3754    .data               bsp_key.o
    0x20000131   COMPRESSED   0x00000003   PAD
    0x20000134   COMPRESSED   0x00000008   Data   RW         3778    .data               bsp_systick.o
    0x2000013c   COMPRESSED   0x00000008   Data   RW         3822    .data               bh1750.o
    0x20000144   COMPRESSED   0x00000001   Data   RW         3966    .data               bsp_bmp.o
    0x20000145   COMPRESSED   0x00000003   PAD
    0x20000148   COMPRESSED   0x00000014   Data   RW         4044    .data               bsp_sdio_sdcard.o
    0x2000015c   COMPRESSED   0x00000001   Data   RW         4273    .data               bsp_esp8266.o
    0x2000015d   COMPRESSED   0x00000003   PAD
    0x20000160   COMPRESSED   0x0000000a   Data   RW         4504    .data               ff.o
    0x2000016a   COMPRESSED   0x00000002   PAD
    0x2000016c   COMPRESSED   0x00000004   Data   RW         5116    .data               mc_w.l(stdout.o)
    0x20000170        -       0x00002488   Zero   RW         3120    .bss                main.o
    0x200025f8        -       0x00002408   Zero   RW         3965    .bss                bsp_bmp.o
    0x20004a00        -       0x000000c4   Zero   RW         4043    .bss                bsp_sdio_sdcard.o
    0x20004ac4        -       0x000009de   Zero   RW         4272    .bss                bsp_esp8266.o
    0x200054a2   COMPRESSED   0x00000006   PAD
    0x200054a8        -       0x00001000   Zero   RW            1    STACK               startup_stm32f10x_hd.o


==============================================================================

Image component sizes


      Code (inc. data)   RO Data    RW Data    ZI Data      Debug   Object Name

       280         28          0          8          0       4651   bh1750.o
       452         64          0          1       9224       7634   bsp_bmp.o
       448         86          0          0          0       3717   bsp_dht11.o
      2024        766          0          1       2526      16024   bsp_esp8266.o
       406         30          0          0          0       5128   bsp_i2c_gpio.o
      1974        106          0         16          0      16488   bsp_ili9341_lcd.o
       180         14          0          1          0       2208   bsp_key.o
        96          6          0          0          0        654   bsp_led.o
      1476         68          0        176          0       9391   bsp_ov7725.o
       766         34          0          0          0       7660   bsp_sccb.o
      4092        284          0         20        196      25484   bsp_sdio_sdcard.o
       200         32          0          8          0      18701   bsp_systick.o
       164         12          0          0          0       1427   bsp_usart.o
       168         14       2232          0          0       3019   ccsbcs.o
       360          0          0          0          0       3035   common.o
         0          0          0          0          0       4508   core_cm3.o
       516         10          0          0          0       6649   diskio.o
      8012        140        186         10          0      40702   ff.o
         0          0      15200         24          0       1673   fonts.o
      4548       1528        221         30       9352      25451   main.o
       132         22          0          0          0       1915   misc.o
        36          8        304          0       4096        960   startup_stm32f10x_hd.o
       376         10          0          0          0       8673   stm32f10x_adc.o
       156         18          0          0          0       4537   stm32f10x_dma.o
       216         22          0          0          0       3267   stm32f10x_exti.o
       282          6          0          0          0       2193   stm32f10x_fsmc.o
       368          4          0          0          0       5026   stm32f10x_gpio.o
       480         72          0         16          0      14876   stm32f10x_it.o
       308         38          0         20          0       5758   stm32f10x_rcc.o
       372         86          0          0          0      11687   stm32f10x_sdio.o
       442          6          0          0          0       7165   stm32f10x_usart.o
       328         28          0         20          0     270501   system_stm32f10x.o

    ----------------------------------------------------------------------
     29698       3542      18180        364      25400     540762   Object Totals
         0          0         32          0          0          0   (incl. Generated)
        40          0          5         13          6          0   (incl. Padding)

    ----------------------------------------------------------------------

      Code (inc. data)   RO Data    RW Data    ZI Data      Debug   Library Member Name

        86          0          0          0          0          0   __dczerorl2.o
         0          0          0          0          0          0   entry.o
         0          0          0          0          0          0   entry10a.o
         0          0          0          0          0          0   entry11a.o
         8          4          0          0          0          0   entry2.o
         4          0          0          0          0          0   entry5.o
         0          0          0          0          0          0   entry7b.o
         0          0          0          0          0          0   entry8b.o
         8          4          0          0          0          0   entry9a.o
        30          0          0          0          0          0   handlers.o
        36          8          0          0          0         68   init.o
         0          0          0          0          0          0   iusefp.o
        30          0          0          0          0         68   llshl.o
        36          0          0          0          0         68   llsshr.o
        32          0          0          0          0         68   llushr.o
        36          0          0          0          0         68   memcpya.o
        36          0          0          0          0        108   memseta.o
      2308         96          0          0          0        604   printfa.o
         0          0          0          4          0          0   stdout.o
        14          0          0          0          0         68   strlen.o
        36          0          0          0          0         80   strstr.o
        44          0          0          0          0         80   uidiv.o
        98          0          0          0          0         92   uldiv.o
        48          0          0          0          0         68   cdrcmple.o
        20          0          0          0          0         68   cfcmple.o
        56          0          0          0          0         88   d2f.o
       334          0          0          0          0        148   dadd.o
       222          0          0          0          0        100   ddiv.o
       186          0          0          0          0        176   depilogue.o
        48          0          0          0          0         68   dfixul.o
        34          0          0          0          0         76   dflti.o
       228          0          0          0          0         96   dmul.o
        38          0          0          0          0         68   f2d.o
       176          0          0          0          0        140   fadd.o
       110          0          0          0          0        168   fepilogue.o
        10          0          0          0          0         68   ffltui.o

    ----------------------------------------------------------------------
      4354        112          0          4          0       2704   Library Totals
         2          0          0          0          0          0   (incl. Padding)

    ----------------------------------------------------------------------

      Code (inc. data)   RO Data    RW Data    ZI Data      Debug   Library Name

      2842        112          0          4          0       1372   mc_w.l
      1510          0          0          0          0       1332   mf_w.l

    ----------------------------------------------------------------------
      4354        112          0          4          0       2704   Library Totals

    ----------------------------------------------------------------------

==============================================================================


      Code (inc. data)   RO Data    RW Data    ZI Data      Debug   

     34052       3654      18180        368      25400     529970   Grand Totals
     34052       3654      18180        236      25400     529970   ELF Image Totals (compressed)
     34052       3654      18180        236          0          0   ROM Totals

==============================================================================

    Total RO  Size (Code + RO Data)                52232 (  51.01kB)
    Total RW  Size (RW Data + ZI Data)             25768 (  25.16kB)
    Total ROM Size (Code + RO Data + RW Data)      52468 (  51.24kB)

==============================================================================

